
ariadne_atmega328.elf:     file format elf32-avr

Sections:
Idx Name          Size      VMA       LMA       File off  Algn
  0 .data         0000001c  00800100  00007a6e  00000b02  2**0
                  CONTENTS, ALLOC, LOAD, DATA
  1 .text         00000a6e  00007000  00007000  00000094  2**1
                  CONTENTS, ALLOC, LOAD, READONLY, CODE
  2 .bss          00000011  0080011c  0080011c  00000b1e  2**0
                  ALLOC
  3 .stab         00003294  00000000  00000000  00000b20  2**2
                  CONTENTS, READONLY, DEBUGGING
  4 .stabstr      00001142  00000000  00000000  00003db4  2**0
                  CONTENTS, READONLY, DEBUGGING
  5 .comment      00000011  00000000  00000000  00004ef6  2**0
                  CONTENTS, READONLY

Disassembly of section .text:

00007000 <__vectors>:
    7000:	50 c0       	rjmp	.+160    	; 0x70a2 <__ctors_end>
    7002:	00 00       	nop
    7004:	ca c0       	rjmp	.+404    	; 0x719a <__bad_interrupt>
    7006:	00 00       	nop
    7008:	c8 c0       	rjmp	.+400    	; 0x719a <__bad_interrupt>
    700a:	00 00       	nop
    700c:	c6 c0       	rjmp	.+396    	; 0x719a <__bad_interrupt>
    700e:	00 00       	nop
    7010:	c4 c0       	rjmp	.+392    	; 0x719a <__bad_interrupt>
    7012:	00 00       	nop
    7014:	c2 c0       	rjmp	.+388    	; 0x719a <__bad_interrupt>
    7016:	00 00       	nop
    7018:	c0 c0       	rjmp	.+384    	; 0x719a <__bad_interrupt>
    701a:	00 00       	nop
    701c:	be c0       	rjmp	.+380    	; 0x719a <__bad_interrupt>
    701e:	00 00       	nop
    7020:	bc c0       	rjmp	.+376    	; 0x719a <__bad_interrupt>
    7022:	00 00       	nop
    7024:	ba c0       	rjmp	.+372    	; 0x719a <__bad_interrupt>
    7026:	00 00       	nop
    7028:	b8 c0       	rjmp	.+368    	; 0x719a <__bad_interrupt>
    702a:	00 00       	nop
    702c:	b6 c0       	rjmp	.+364    	; 0x719a <__bad_interrupt>
    702e:	00 00       	nop
    7030:	b4 c0       	rjmp	.+360    	; 0x719a <__bad_interrupt>
    7032:	00 00       	nop
    7034:	b2 c0       	rjmp	.+356    	; 0x719a <__bad_interrupt>
    7036:	00 00       	nop
    7038:	b0 c0       	rjmp	.+352    	; 0x719a <__bad_interrupt>
    703a:	00 00       	nop
    703c:	ae c0       	rjmp	.+348    	; 0x719a <__bad_interrupt>
    703e:	00 00       	nop
    7040:	ac c0       	rjmp	.+344    	; 0x719a <__bad_interrupt>
    7042:	00 00       	nop
    7044:	aa c0       	rjmp	.+340    	; 0x719a <__bad_interrupt>
    7046:	00 00       	nop
    7048:	a8 c0       	rjmp	.+336    	; 0x719a <__bad_interrupt>
    704a:	00 00       	nop
    704c:	a6 c0       	rjmp	.+332    	; 0x719a <__bad_interrupt>
    704e:	00 00       	nop
    7050:	a4 c0       	rjmp	.+328    	; 0x719a <__bad_interrupt>
    7052:	00 00       	nop
    7054:	a2 c0       	rjmp	.+324    	; 0x719a <__bad_interrupt>
    7056:	00 00       	nop
    7058:	a0 c0       	rjmp	.+320    	; 0x719a <__bad_interrupt>
    705a:	00 00       	nop
    705c:	9e c0       	rjmp	.+316    	; 0x719a <__bad_interrupt>
    705e:	00 00       	nop
    7060:	9c c0       	rjmp	.+312    	; 0x719a <__bad_interrupt>
    7062:	00 00       	nop
    7064:	9a c0       	rjmp	.+308    	; 0x719a <__bad_interrupt>
	...

00007068 <tftp_invalid_image_packet>:
    7068:	13 00 05 00 00 49 6e 76 61 6c 69 64 20 69 6d 61     .....Invalid ima
    7078:	67 65 20 66 69 6c 65 00                             ge file.

00007080 <tftp_unknown_error_packet>:
    7080:	08 00 05 00 00 45 72 72 6f 72 00                    .....Error.

0000708b <tftp_full_error_packet>:
    708b:	09 00 05 00 03 46 75 6c 6c 00                       .....Full.

00007095 <tftp_opcode_error_packet>:
    7095:	0a 00 05 00 00 4f 70 63 6f 64 65 3f 00              .....Opcode?.

000070a2 <__ctors_end>:
    70a2:	11 24       	eor	r1, r1
    70a4:	1f be       	out	0x3f, r1	; 63
    70a6:	cf ef       	ldi	r28, 0xFF	; 255
    70a8:	d8 e0       	ldi	r29, 0x08	; 8
    70aa:	de bf       	out	0x3e, r29	; 62
    70ac:	cd bf       	out	0x3d, r28	; 61

000070ae <__do_copy_data>:
    70ae:	11 e0       	ldi	r17, 0x01	; 1
    70b0:	a0 e0       	ldi	r26, 0x00	; 0
    70b2:	b1 e0       	ldi	r27, 0x01	; 1
    70b4:	ee e6       	ldi	r30, 0x6E	; 110
    70b6:	fa e7       	ldi	r31, 0x7A	; 122
    70b8:	02 c0       	rjmp	.+4      	; 0x70be <__do_copy_data+0x10>
    70ba:	05 90       	lpm	r0, Z+
    70bc:	0d 92       	st	X+, r0
    70be:	ac 31       	cpi	r26, 0x1C	; 28
    70c0:	b1 07       	cpc	r27, r17
    70c2:	d9 f7       	brne	.-10     	; 0x70ba <__do_copy_data+0xc>

000070c4 <__do_clear_bss>:
    70c4:	11 e0       	ldi	r17, 0x01	; 1
    70c6:	ac e1       	ldi	r26, 0x1C	; 28
    70c8:	b1 e0       	ldi	r27, 0x01	; 1
    70ca:	01 c0       	rjmp	.+2      	; 0x70ce <.do_clear_bss_start>

000070cc <.do_clear_bss_loop>:
    70cc:	1d 92       	st	X+, r1

000070ce <.do_clear_bss_start>:
    70ce:	ad 32       	cpi	r26, 0x2D	; 45
    70d0:	b1 07       	cpc	r27, r17
    70d2:	e1 f7       	brne	.-8      	; 0x70cc <.do_clear_bss_loop>
    70d4:	01 d0       	rcall	.+2      	; 0x70d8 <main>
    70d6:	c9 c4       	rjmp	.+2450   	; 0x7a6a <_exit>

000070d8 <main>:
    70d8:	3c d3       	rcall	.+1656   	; 0x7752 <watchdogDisable>
    70da:	2f ef       	ldi	r18, 0xFF	; 255
    70dc:	85 ea       	ldi	r24, 0xA5	; 165
    70de:	9e e0       	ldi	r25, 0x0E	; 14
    70e0:	21 50       	subi	r18, 0x01	; 1
    70e2:	80 40       	sbci	r24, 0x00	; 0
    70e4:	90 40       	sbci	r25, 0x00	; 0
    70e6:	e1 f7       	brne	.-8      	; 0x70e0 <main+0x8>
    70e8:	00 c0       	rjmp	.+0      	; 0x70ea <main+0x12>
    70ea:	00 00       	nop
    70ec:	11 24       	eor	r1, r1
    70ee:	85 e0       	ldi	r24, 0x05	; 5
    70f0:	80 93 81 00 	sts	0x0081, r24
    70f4:	80 e0       	ldi	r24, 0x00	; 0
    70f6:	90 e0       	ldi	r25, 0x00	; 0
    70f8:	a2 d4       	rcall	.+2372   	; 0x7a3e <__eerd_byte_m328p>
    70fa:	88 23       	and	r24, r24
    70fc:	21 f0       	breq	.+8      	; 0x7106 <main+0x2e>
    70fe:	60 e0       	ldi	r22, 0x00	; 0
    7100:	80 e0       	ldi	r24, 0x00	; 0
    7102:	90 e0       	ldi	r25, 0x00	; 0
    7104:	a4 d4       	rcall	.+2376   	; 0x7a4e <__eewr_byte_m328p>
    7106:	81 e0       	ldi	r24, 0x01	; 1
    7108:	90 e0       	ldi	r25, 0x00	; 0
    710a:	99 d4       	rcall	.+2354   	; 0x7a3e <__eerd_byte_m328p>
    710c:	84 30       	cpi	r24, 0x04	; 4
    710e:	21 f0       	breq	.+8      	; 0x7118 <main+0x40>
    7110:	64 e0       	ldi	r22, 0x04	; 4
    7112:	81 e0       	ldi	r24, 0x01	; 1
    7114:	90 e0       	ldi	r25, 0x00	; 0
    7116:	9b d4       	rcall	.+2358   	; 0x7a4e <__eewr_byte_m328p>
    7118:	23 d4       	rcall	.+2118   	; 0x7960 <serialInit>
    711a:	98 d0       	rcall	.+304    	; 0x724c <netInit>
    711c:	b8 d2       	rcall	.+1392   	; 0x768e <tftpInit>
    711e:	ef ef       	ldi	r30, 0xFF	; 255
    7120:	f5 ea       	ldi	r31, 0xA5	; 165
    7122:	2e e0       	ldi	r18, 0x0E	; 14
    7124:	e1 50       	subi	r30, 0x01	; 1
    7126:	f0 40       	sbci	r31, 0x00	; 0
    7128:	20 40       	sbci	r18, 0x00	; 0
    712a:	e1 f7       	brne	.-8      	; 0x7124 <main+0x4c>
    712c:	00 c0       	rjmp	.+0      	; 0x712e <main+0x56>
    712e:	00 00       	nop
    7130:	10 92 28 01 	sts	0x0128, r1
    7134:	10 92 29 01 	sts	0x0129, r1
    7138:	13 e0       	ldi	r17, 0x03	; 3
    713a:	c0 e0       	ldi	r28, 0x00	; 0
    713c:	d0 e0       	ldi	r29, 0x00	; 0
    713e:	80 91 28 01 	lds	r24, 0x0128
    7142:	88 23       	and	r24, r24
    7144:	29 f0       	breq	.+10     	; 0x7150 <main+0x78>
    7146:	80 91 29 01 	lds	r24, 0x0129
    714a:	88 23       	and	r24, r24
    714c:	49 f0       	breq	.+18     	; 0x7160 <main+0x88>
    714e:	04 c0       	rjmp	.+8      	; 0x7158 <main+0x80>
    7150:	c1 d2       	rcall	.+1410   	; 0x76d4 <tftpPoll>
    7152:	81 11       	cpse	r24, r1
    7154:	f8 cf       	rjmp	.-16     	; 0x7146 <main+0x6e>
    7156:	1a c0       	rjmp	.+52     	; 0x718c <main+0xb4>
    7158:	59 d4       	rcall	.+2226   	; 0x7a0c <timedOut>
    715a:	81 11       	cpse	r24, r1
    715c:	05 c0       	rjmp	.+10     	; 0x7168 <main+0x90>
    715e:	14 c0       	rjmp	.+40     	; 0x7188 <main+0xb0>
    7160:	f4 d3       	rcall	.+2024   	; 0x794a <serialPoll>
    7162:	81 11       	cpse	r24, r1
    7164:	f9 cf       	rjmp	.-14     	; 0x7158 <main+0x80>
    7166:	12 c0       	rjmp	.+36     	; 0x718c <main+0xb4>
    7168:	82 e0       	ldi	r24, 0x02	; 2
    716a:	90 e0       	ldi	r25, 0x00	; 0
    716c:	68 d4       	rcall	.+2256   	; 0x7a3e <__eerd_byte_m328p>
    716e:	8e 3e       	cpi	r24, 0xEE	; 238
    7170:	69 f0       	breq	.+26     	; 0x718c <main+0xb4>
    7172:	80 91 29 01 	lds	r24, 0x0129
    7176:	81 30       	cpi	r24, 0x01	; 1
    7178:	39 f4       	brne	.+14     	; 0x7188 <main+0xb0>
    717a:	fe 01       	movw	r30, r28
    717c:	17 bf       	out	0x37, r17	; 55
    717e:	e8 95       	spm
    7180:	86 d2       	rcall	.+1292   	; 0x768e <tftpInit>
    7182:	3b d4       	rcall	.+2166   	; 0x79fa <resetTick>
    7184:	10 92 29 01 	sts	0x0129, r1
    7188:	16 d4       	rcall	.+2092   	; 0x79b6 <updateLed>
    718a:	d9 cf       	rjmp	.-78     	; 0x713e <main+0x66>
    718c:	e0 91 1c 01 	lds	r30, 0x011C
    7190:	f0 91 1d 01 	lds	r31, 0x011D
    7194:	09 95       	icall
    7196:	80 e0       	ldi	r24, 0x00	; 0
    7198:	90 e0       	ldi	r25, 0x00	; 0

0000719a <__bad_interrupt>:
    719a:	32 cf       	rjmp	.-412    	; 0x7000 <__vectors>

0000719c <netWriteReg>:
	trace(", ");
	tracenum(value);
#endif

	// Send uint8_t to Ethernet controller
	SPCR = _BV(SPE) | _BV(MSTR); // Set SPI as master
    719c:	20 e5       	ldi	r18, 0x50	; 80
    719e:	2c bd       	out	0x2c, r18	; 44
	SS_LOW();
    71a0:	2a 98       	cbi	0x05, 2	; 5
	SPDR = SPI_WRITE;
    71a2:	20 ef       	ldi	r18, 0xF0	; 240
    71a4:	2e bd       	out	0x2e, r18	; 46
	while(!(SPSR & _BV(SPIF)));
    71a6:	0d b4       	in	r0, 0x2d	; 45
    71a8:	07 fe       	sbrs	r0, 7
    71aa:	fd cf       	rjmp	.-6      	; 0x71a6 <netWriteReg+0xa>
	SPDR = address >> 8;
    71ac:	29 2f       	mov	r18, r25
    71ae:	33 27       	eor	r19, r19
    71b0:	2e bd       	out	0x2e, r18	; 46
	while(!(SPSR & _BV(SPIF)));
    71b2:	0d b4       	in	r0, 0x2d	; 45
    71b4:	07 fe       	sbrs	r0, 7
    71b6:	fd cf       	rjmp	.-6      	; 0x71b2 <netWriteReg+0x16>
	SPDR = address & 0xff;
    71b8:	8e bd       	out	0x2e, r24	; 46
	while(!(SPSR & _BV(SPIF)));
    71ba:	0d b4       	in	r0, 0x2d	; 45
    71bc:	07 fe       	sbrs	r0, 7
    71be:	fd cf       	rjmp	.-6      	; 0x71ba <netWriteReg+0x1e>
	SPDR = value;
    71c0:	6e bd       	out	0x2e, r22	; 46
	while(!(SPSR & _BV(SPIF)));
    71c2:	0d b4       	in	r0, 0x2d	; 45
    71c4:	07 fe       	sbrs	r0, 7
    71c6:	fd cf       	rjmp	.-6      	; 0x71c2 <netWriteReg+0x26>
	SS_HIGH();
    71c8:	2a 9a       	sbi	0x05, 2	; 5
	SPCR = 0; // Turn off SPI
    71ca:	1c bc       	out	0x2c, r1	; 44
    71cc:	08 95       	ret

000071ce <netReadReg>:
//    tracenum(address);
//#endif

	// Read uint8_t from Ethernet controller
	uint8_t returnValue;
	SPCR = _BV(SPE) | _BV(MSTR);
    71ce:	20 e5       	ldi	r18, 0x50	; 80
    71d0:	2c bd       	out	0x2c, r18	; 44
	SS_LOW();
    71d2:	2a 98       	cbi	0x05, 2	; 5
	SPDR = SPI_READ;
    71d4:	2f e0       	ldi	r18, 0x0F	; 15
    71d6:	2e bd       	out	0x2e, r18	; 46
	while(!(SPSR & _BV(SPIF)));
    71d8:	0d b4       	in	r0, 0x2d	; 45
    71da:	07 fe       	sbrs	r0, 7
    71dc:	fd cf       	rjmp	.-6      	; 0x71d8 <netReadReg+0xa>
	SPDR = address >> 8;
    71de:	29 2f       	mov	r18, r25
    71e0:	33 27       	eor	r19, r19
    71e2:	2e bd       	out	0x2e, r18	; 46
	while(!(SPSR & _BV(SPIF)));
    71e4:	0d b4       	in	r0, 0x2d	; 45
    71e6:	07 fe       	sbrs	r0, 7
    71e8:	fd cf       	rjmp	.-6      	; 0x71e4 <netReadReg+0x16>
	SPDR = address & 0xff;
    71ea:	8e bd       	out	0x2e, r24	; 46
	while(!(SPSR & _BV(SPIF)));
    71ec:	0d b4       	in	r0, 0x2d	; 45
    71ee:	07 fe       	sbrs	r0, 7
    71f0:	fd cf       	rjmp	.-6      	; 0x71ec <netReadReg+0x1e>
	SPDR = 0;
    71f2:	1e bc       	out	0x2e, r1	; 46
	while(!(SPSR & _BV(SPIF)));
    71f4:	0d b4       	in	r0, 0x2d	; 45
    71f6:	07 fe       	sbrs	r0, 7
    71f8:	fd cf       	rjmp	.-6      	; 0x71f4 <netReadReg+0x26>
	SS_HIGH();
    71fa:	2a 9a       	sbi	0x05, 2	; 5
	returnValue = SPDR;
    71fc:	8e b5       	in	r24, 0x2e	; 46
	SPCR = 0;
    71fe:	1c bc       	out	0x2c, r1	; 44
	return(returnValue);
}
    7200:	08 95       	ret

00007202 <netReadWord>:

uint16_t netReadWord(uint16_t address)
{
    7202:	1f 93       	push	r17
    7204:	cf 93       	push	r28
    7206:	df 93       	push	r29
    7208:	ec 01       	movw	r28, r24
	// Read uint16_t from Ethernet controller
	return((netReadReg(address) << 8) | netReadReg(address + 1));
    720a:	e1 df       	rcall	.-62     	; 0x71ce <netReadReg>
    720c:	18 2f       	mov	r17, r24
    720e:	ce 01       	movw	r24, r28
    7210:	01 96       	adiw	r24, 0x01	; 1
    7212:	dd df       	rcall	.-70     	; 0x71ce <netReadReg>
    7214:	21 2f       	mov	r18, r17
    7216:	30 e0       	ldi	r19, 0x00	; 0
    7218:	32 2f       	mov	r19, r18
    721a:	22 27       	eor	r18, r18
}
    721c:	a9 01       	movw	r20, r18
    721e:	48 2b       	or	r20, r24
    7220:	ca 01       	movw	r24, r20
    7222:	df 91       	pop	r29
    7224:	cf 91       	pop	r28
    7226:	1f 91       	pop	r17
    7228:	08 95       	ret

0000722a <netWriteWord>:

void netWriteWord(uint16_t address, uint16_t value)
{
    722a:	0f 93       	push	r16
    722c:	1f 93       	push	r17
    722e:	cf 93       	push	r28
    7230:	df 93       	push	r29
    7232:	8c 01       	movw	r16, r24
    7234:	eb 01       	movw	r28, r22
	// Write uint16_t to Ethernet controller
	netWriteReg(address++, value >> 8);
    7236:	67 2f       	mov	r22, r23
    7238:	77 27       	eor	r23, r23
    723a:	b0 df       	rcall	.-160    	; 0x719c <netWriteReg>
	netWriteReg(address, value & 0xff);
    723c:	6c 2f       	mov	r22, r28
    723e:	c8 01       	movw	r24, r16
    7240:	01 96       	adiw	r24, 0x01	; 1
}
    7242:	df 91       	pop	r29
    7244:	cf 91       	pop	r28
    7246:	1f 91       	pop	r17
    7248:	0f 91       	pop	r16

void netWriteWord(uint16_t address, uint16_t value)
{
	// Write uint16_t to Ethernet controller
	netWriteReg(address++, value >> 8);
	netWriteReg(address, value & 0xff);
    724a:	a8 cf       	rjmp	.-176    	; 0x719c <netWriteReg>

0000724c <netInit>:
}

void netInit()
{
    724c:	0f 93       	push	r16
    724e:	1f 93       	push	r17
    7250:	cf 93       	push	r28
    7252:	df 93       	push	r29
	uint8_t i;

	// Set up outputs to communicate with W5100 chip
	// Set pins as output
	DDRB = _BV(SCK) | _BV(MOSI) | _BV(SS);
    7254:	8c e2       	ldi	r24, 0x2C	; 44
    7256:	84 b9       	out	0x04, r24	; 4
	// Set pins high
	PORTB = _BV(SCK) | _BV(MISO) | _BV(MOSI) | _BV(SS);
    7258:	8c e3       	ldi	r24, 0x3C	; 60
    725a:	85 b9       	out	0x05, r24	; 5
	PORTB |= _BV(LED);
#endif

	// Set up SPI
	// Set the Double SPI Speed Bit
	SPSR = (1 << SPI2X);
    725c:	81 e0       	ldi	r24, 0x01	; 1
    725e:	8d bd       	out	0x2d, r24	; 45

	/* Pull in altered presets
	 * if available from AVR EEPROM (if signature bytes are set)*/
	if((eeprom_read_byte(EEPROM_SIG_1) == EEPROM_SIG_1_VALUE)
    7260:	83 e0       	ldi	r24, 0x03	; 3
    7262:	90 e0       	ldi	r25, 0x00	; 0
    7264:	ec d3       	rcall	.+2008   	; 0x7a3e <__eerd_byte_m328p>
    7266:	85 35       	cpi	r24, 0x55	; 85
    7268:	29 f0       	breq	.+10     	; 0x7274 <netInit+0x28>
    726a:	00 e0       	ldi	r16, 0x00	; 0
    726c:	11 e0       	ldi	r17, 0x01	; 1
	        && (eeprom_read_byte(EEPROM_SIG_2) == EEPROM_SIG_2_VALUE)) {
    726e:	c0 e0       	ldi	r28, 0x00	; 0
    7270:	d0 e0       	ldi	r29, 0x00	; 0
    7272:	13 c0       	rjmp	.+38     	; 0x729a <netInit+0x4e>
    7274:	84 e0       	ldi	r24, 0x04	; 4
    7276:	90 e0       	ldi	r25, 0x00	; 0
    7278:	e2 d3       	rcall	.+1988   	; 0x7a3e <__eerd_byte_m328p>
    727a:	8a 3a       	cpi	r24, 0xAA	; 170
    727c:	b1 f7       	brne	.-20     	; 0x726a <netInit+0x1e>
    727e:	01 e0       	ldi	r16, 0x01	; 1
    7280:	11 e0       	ldi	r17, 0x01	; 1
    7282:	c5 e0       	ldi	r28, 0x05	; 5
    7284:	d0 e0       	ldi	r29, 0x00	; 0

		for(i = 0; i < EEPROM_SETTINGS_SIZE; i++)
			registerBuffer[i + 1] = eeprom_read_byte(EEPROM_DATA + i);
    7286:	ce 01       	movw	r24, r28
    7288:	da d3       	rcall	.+1972   	; 0x7a3e <__eerd_byte_m328p>
    728a:	f8 01       	movw	r30, r16
    728c:	81 93       	st	Z+, r24
    728e:	8f 01       	movw	r16, r30
    7290:	21 96       	adiw	r28, 0x01	; 1
	/* Pull in altered presets
	 * if available from AVR EEPROM (if signature bytes are set)*/
	if((eeprom_read_byte(EEPROM_SIG_1) == EEPROM_SIG_1_VALUE)
	        && (eeprom_read_byte(EEPROM_SIG_2) == EEPROM_SIG_2_VALUE)) {

		for(i = 0; i < EEPROM_SETTINGS_SIZE; i++)
    7292:	c7 31       	cpi	r28, 0x17	; 23
    7294:	d1 05       	cpc	r29, r1
    7296:	b9 f7       	brne	.-18     	; 0x7286 <netInit+0x3a>
    7298:	e8 cf       	rjmp	.-48     	; 0x726a <netInit+0x1e>
	}
#endif

	// Configure Wiznet chip
	for(i = 0; i < REGISTER_BLOCK_SIZE; i++)
		netWriteReg(i, registerBuffer[i]);
    729a:	f8 01       	movw	r30, r16
    729c:	61 91       	ld	r22, Z+
    729e:	8f 01       	movw	r16, r30
    72a0:	ce 01       	movw	r24, r28
    72a2:	7c df       	rcall	.-264    	; 0x719c <netWriteReg>
    72a4:	21 96       	adiw	r28, 0x01	; 1
		if(i != 14) putch(0x2E);
	}
#endif

	// Configure Wiznet chip
	for(i = 0; i < REGISTER_BLOCK_SIZE; i++)
    72a6:	cc 31       	cpi	r28, 0x1C	; 28
    72a8:	d1 05       	cpc	r29, r1
    72aa:	b9 f7       	brne	.-18     	; 0x729a <netInit+0x4e>
		netWriteReg(i, registerBuffer[i]);
#ifdef _VERBOSE
	traceln(" Net: Network init done");
#endif
}
    72ac:	df 91       	pop	r29
    72ae:	cf 91       	pop	r28
    72b0:	1f 91       	pop	r17
    72b2:	0f 91       	pop	r16
    72b4:	08 95       	ret

000072b6 <sockInit>:
PROGMEM const unsigned char tftp_invalid_image_packet[] = "\23" "\0\5" "\0\0" "Invalid image file";



void sockInit(uint16_t port)
{
    72b6:	cf 93       	push	r28
    72b8:	df 93       	push	r29
    72ba:	ec 01       	movw	r28, r24
	netWriteReg(REG_S3_CR, CR_CLOSE);
    72bc:	60 e1       	ldi	r22, 0x10	; 16
    72be:	81 e0       	ldi	r24, 0x01	; 1
    72c0:	97 e0       	ldi	r25, 0x07	; 7
    72c2:	6c df       	rcall	.-296    	; 0x719c <netWriteReg>
	do {
		// Write TFTP Port
		netWriteWord(REG_S3_PORT0, port);
    72c4:	be 01       	movw	r22, r28
    72c6:	84 e0       	ldi	r24, 0x04	; 4
    72c8:	97 e0       	ldi	r25, 0x07	; 7
    72ca:	af df       	rcall	.-162    	; 0x722a <netWriteWord>
		// Write mode
		netWriteReg(REG_S3_MR, MR_UDP);
    72cc:	62 e0       	ldi	r22, 0x02	; 2
    72ce:	80 e0       	ldi	r24, 0x00	; 0
    72d0:	97 e0       	ldi	r25, 0x07	; 7
    72d2:	64 df       	rcall	.-312    	; 0x719c <netWriteReg>
		// Open Socket
		netWriteReg(REG_S3_CR, CR_OPEN);
    72d4:	61 e0       	ldi	r22, 0x01	; 1
    72d6:	81 e0       	ldi	r24, 0x01	; 1
    72d8:	97 e0       	ldi	r25, 0x07	; 7
    72da:	60 df       	rcall	.-320    	; 0x719c <netWriteReg>
		// Read Status
		if(netReadReg(REG_S3_SR) != SOCK_UDP)
    72dc:	83 e0       	ldi	r24, 0x03	; 3
    72de:	97 e0       	ldi	r25, 0x07	; 7
    72e0:	76 df       	rcall	.-276    	; 0x71ce <netReadReg>
    72e2:	82 32       	cpi	r24, 0x22	; 34
    72e4:	21 f0       	breq	.+8      	; 0x72ee <sockInit+0x38>
			// Close Socket if it wasn't initialized correctly
		netWriteReg(REG_S3_CR, CR_CLOSE);
    72e6:	60 e1       	ldi	r22, 0x10	; 16
    72e8:	81 e0       	ldi	r24, 0x01	; 1
    72ea:	97 e0       	ldi	r25, 0x07	; 7
    72ec:	57 df       	rcall	.-338    	; 0x719c <netWriteReg>
		// If socket correctly opened continue
	} while(netReadReg(REG_S3_SR) != SOCK_UDP);
    72ee:	83 e0       	ldi	r24, 0x03	; 3
    72f0:	97 e0       	ldi	r25, 0x07	; 7
    72f2:	6d df       	rcall	.-294    	; 0x71ce <netReadReg>
    72f4:	82 32       	cpi	r24, 0x22	; 34
    72f6:	31 f7       	brne	.-52     	; 0x72c4 <sockInit+0xe>
}
    72f8:	df 91       	pop	r29
    72fa:	cf 91       	pop	r28
    72fc:	08 95       	ret

000072fe <processPacket>:
#ifdef _DEBUG_TFTP
uint8_t processPacket(uint16_t packetSize)
{
#else
uint8_t processPacket()
{
    72fe:	cf 92       	push	r12
    7300:	df 92       	push	r13
    7302:	ef 92       	push	r14
    7304:	ff 92       	push	r15
    7306:	0f 93       	push	r16
    7308:	1f 93       	push	r17
    730a:	cf 93       	push	r28
    730c:	df 93       	push	r29
    730e:	cd b7       	in	r28, 0x3d	; 61
    7310:	de b7       	in	r29, 0x3e	; 62
    7312:	cc 50       	subi	r28, 0x0C	; 12
    7314:	d2 40       	sbci	r29, 0x02	; 2
    7316:	de bf       	out	0x3e, r29	; 62
    7318:	cd bf       	out	0x3d, r28	; 61
	if(packetSize >= 0x800) traceln("Tftp: Overflow");
	//  step();
#endif

	// Read data from chip to buffer
	readPointer = netReadWord(REG_S3_RX_RD0);
    731a:	88 e2       	ldi	r24, 0x28	; 40
    731c:	97 e0       	ldi	r25, 0x07	; 7
    731e:	71 df       	rcall	.-286    	; 0x7202 <netReadWord>
#ifdef _DEBUG_TFTP
	traceln("Tftp: readPointer at position ");
	tracenum(readPointer);
#endif
	if(readPointer == 0) readPointer += S3_RX_START;
    7320:	00 97       	sbiw	r24, 0x00	; 0
    7322:	11 f4       	brne	.+4      	; 0x7328 <processPacket+0x2a>
    7324:	80 e0       	ldi	r24, 0x00	; 0
    7326:	98 e7       	ldi	r25, 0x78	; 120
    7328:	8e 01       	movw	r16, r28
    732a:	0f 5f       	subi	r16, 0xFF	; 255
    732c:	1f 4f       	sbci	r17, 0xFF	; 255

#ifdef _DEBUG_TFTP
uint8_t processPacket(uint16_t packetSize)
{
#else
uint8_t processPacket()
    732e:	6e 01       	movw	r12, r28
    7330:	23 ef       	ldi	r18, 0xF3	; 243
    7332:	c2 1a       	sub	r12, r18
    7334:	2d ef       	ldi	r18, 0xFD	; 253
    7336:	d2 0a       	sbc	r13, r18
		if((count == TFTP_PACKET_MAX_SIZE - 1) || (count == 0)) {
			traceln("Tftp: Reading from position ");
			tracenum(readPointer);
		}
#endif
		*bufPtr++ = netReadReg(readPointer++);
    7338:	7c 01       	movw	r14, r24
    733a:	ef ef       	ldi	r30, 0xFF	; 255
    733c:	ee 1a       	sub	r14, r30
    733e:	fe 0a       	sbc	r15, r30
    7340:	46 df       	rcall	.-372    	; 0x71ce <netReadReg>
    7342:	f8 01       	movw	r30, r16
    7344:	81 93       	st	Z+, r24
    7346:	8f 01       	movw	r16, r30
		if(readPointer == S3_RX_END) readPointer = S3_RX_START;
    7348:	e1 14       	cp	r14, r1
    734a:	f0 e8       	ldi	r31, 0x80	; 128
    734c:	ff 06       	cpc	r15, r31
    734e:	11 f0       	breq	.+4      	; 0x7354 <processPacket+0x56>
    7350:	c7 01       	movw	r24, r14
    7352:	02 c0       	rjmp	.+4      	; 0x7358 <processPacket+0x5a>
    7354:	80 e0       	ldi	r24, 0x00	; 0
    7356:	98 e7       	ldi	r25, 0x78	; 120
#ifdef _DEBUG_TFTP
	traceln("Tftp: readPointer at position ");
	tracenum(readPointer);
#endif
	if(readPointer == 0) readPointer += S3_RX_START;
	for(count = TFTP_PACKET_MAX_SIZE; count--;) {
    7358:	0c 15       	cp	r16, r12
    735a:	1d 05       	cpc	r17, r13
    735c:	69 f7       	brne	.-38     	; 0x7338 <processPacket+0x3a>
		}
#endif
		*bufPtr++ = netReadReg(readPointer++);
		if(readPointer == S3_RX_END) readPointer = S3_RX_START;
	}
	netWriteWord(REG_S3_RX_RD0, readPointer);     // Write back new pointer
    735e:	bc 01       	movw	r22, r24
    7360:	88 e2       	ldi	r24, 0x28	; 40
    7362:	97 e0       	ldi	r25, 0x07	; 7
    7364:	62 df       	rcall	.-316    	; 0x722a <netWriteWord>
	netWriteReg(REG_S3_CR, CR_RECV);
    7366:	60 e4       	ldi	r22, 0x40	; 64
    7368:	81 e0       	ldi	r24, 0x01	; 1
    736a:	97 e0       	ldi	r25, 0x07	; 7
    736c:	17 df       	rcall	.-466    	; 0x719c <netWriteReg>
	while(netReadReg(REG_S3_CR));
    736e:	81 e0       	ldi	r24, 0x01	; 1
    7370:	97 e0       	ldi	r25, 0x07	; 7
    7372:	2d df       	rcall	.-422    	; 0x71ce <netReadReg>
    7374:	81 11       	cpse	r24, r1
    7376:	fb cf       	rjmp	.-10     	; 0x736e <processPacket+0x70>
    7378:	ee 24       	eor	r14, r14
    737a:	e3 94       	inc	r14
    737c:	f1 2c       	mov	r15, r1
    737e:	ec 0e       	add	r14, r28
    7380:	fd 1e       	adc	r15, r29
    7382:	0c e0       	ldi	r16, 0x0C	; 12
    7384:	17 e0       	ldi	r17, 0x07	; 7
	traceln("Tftp: Setting return address");
#endif

	// Set up return IP address and port
	uint8_t i;
	for(i = 0; i < 6; i++) netWriteReg(REG_S3_DIPR0 + i, buffer[i]);
    7386:	f7 01       	movw	r30, r14
    7388:	61 91       	ld	r22, Z+
    738a:	7f 01       	movw	r14, r30
    738c:	c8 01       	movw	r24, r16
    738e:	06 df       	rcall	.-500    	; 0x719c <netWriteReg>
    7390:	0f 5f       	subi	r16, 0xFF	; 255
    7392:	1f 4f       	sbci	r17, 0xFF	; 255
    7394:	02 31       	cpi	r16, 0x12	; 18
    7396:	f7 e0       	ldi	r31, 0x07	; 7
    7398:	1f 07       	cpc	r17, r31
    739a:	a9 f7       	brne	.-22     	; 0x7386 <processPacket+0x88>

	// Parse packet
	uint16_t tftpDataLen = (buffer[6] << 8) + buffer[7];
    739c:	ef 80       	ldd	r14, Y+7	; 0x07
    739e:	f1 2c       	mov	r15, r1
    73a0:	fe 2c       	mov	r15, r14
    73a2:	ee 24       	eor	r14, r14
    73a4:	88 85       	ldd	r24, Y+8	; 0x08
    73a6:	e8 0e       	add	r14, r24
    73a8:	f1 1c       	adc	r15, r1
	uint16_t tftpOpcode = (buffer[8] << 8) + buffer[9];
    73aa:	89 85       	ldd	r24, Y+9	; 0x09
    73ac:	90 e0       	ldi	r25, 0x00	; 0
    73ae:	98 2f       	mov	r25, r24
    73b0:	88 27       	eor	r24, r24
    73b2:	2a 85       	ldd	r18, Y+10	; 0x0a
    73b4:	82 0f       	add	r24, r18
    73b6:	91 1d       	adc	r25, r1
	uint16_t tftpBlock = (buffer[10] << 8) + buffer[11];
    73b8:	0b 85       	ldd	r16, Y+11	; 0x0b
    73ba:	10 e0       	ldi	r17, 0x00	; 0
    73bc:	10 2f       	mov	r17, r16
    73be:	00 27       	eor	r16, r16
    73c0:	2c 85       	ldd	r18, Y+12	; 0x0c
    73c2:	02 0f       	add	r16, r18
    73c4:	11 1d       	adc	r17, r1
	tracenum(tftpOpcode);
	trace(" and data length ");
	tracenum(tftpDataLen - (TFTP_OPCODE_SIZE + TFTP_BLOCKNO_SIZE));
#endif

	if((tftpOpcode == TFTP_OPCODE_DATA)
    73c6:	83 30       	cpi	r24, 0x03	; 3
    73c8:	91 05       	cpc	r25, r1
    73ca:	91 f4       	brne	.+36     	; 0x73f0 <processPacket+0xf2>
		&& ((tftpBlock > MAX_ADDR/0x200)
    73cc:	09 33       	cpi	r16, 0x39	; 57
    73ce:	11 05       	cpc	r17, r1
    73d0:	08 f0       	brcs	.+2      	; 0x73d4 <processPacket+0xd6>
    73d2:	ad c0       	rjmp	.+346    	; 0x752e <processPacket+0x230>
		|| (tftpBlock < highPacket)
    73d4:	80 91 1e 01 	lds	r24, 0x011E
    73d8:	90 91 1f 01 	lds	r25, 0x011F
    73dc:	08 17       	cp	r16, r24
    73de:	19 07       	cpc	r17, r25
    73e0:	08 f4       	brcc	.+2      	; 0x73e4 <processPacket+0xe6>
    73e2:	a5 c0       	rjmp	.+330    	; 0x752e <processPacket+0x230>
		|| (tftpBlock > highPacket+1))) tftpOpcode = TFTP_OPCODE_UKN;
    73e4:	01 96       	adiw	r24, 0x01	; 1
    73e6:	80 17       	cp	r24, r16
    73e8:	91 07       	cpc	r25, r17
    73ea:	08 f4       	brcc	.+2      	; 0x73ee <processPacket+0xf0>
    73ec:	a0 c0       	rjmp	.+320    	; 0x752e <processPacket+0x230>
    73ee:	af c0       	rjmp	.+350    	; 0x754e <processPacket+0x250>
	if(tftpDataLen > (0x200 + TFTP_OPCODE_SIZE + TFTP_BLOCKNO_SIZE)) tftpOpcode = TFTP_OPCODE_UKN;
    73f0:	25 e0       	ldi	r18, 0x05	; 5
    73f2:	e2 16       	cp	r14, r18
    73f4:	22 e0       	ldi	r18, 0x02	; 2
    73f6:	f2 06       	cpc	r15, r18
    73f8:	08 f0       	brcs	.+2      	; 0x73fc <processPacket+0xfe>
    73fa:	99 c0       	rjmp	.+306    	; 0x752e <processPacket+0x230>

	uint8_t returnCode = ERROR_UNKNOWN;
	uint16_t packetLength;


	switch(tftpOpcode) {
    73fc:	84 30       	cpi	r24, 0x04	; 4
    73fe:	91 05       	cpc	r25, r1
    7400:	40 f4       	brcc	.+16     	; 0x7412 <processPacket+0x114>
    7402:	81 30       	cpi	r24, 0x01	; 1
    7404:	91 05       	cpc	r25, r1
    7406:	09 f4       	brne	.+2      	; 0x740a <processPacket+0x10c>
    7408:	9a c0       	rjmp	.+308    	; 0x753e <processPacket+0x240>
    740a:	02 97       	sbiw	r24, 0x02	; 2
    740c:	09 f0       	breq	.+2      	; 0x7410 <processPacket+0x112>
    740e:	8f c0       	rjmp	.+286    	; 0x752e <processPacket+0x230>
    7410:	04 c0       	rjmp	.+8      	; 0x741a <processPacket+0x11c>
    7412:	06 97       	sbiw	r24, 0x06	; 6
    7414:	08 f0       	brcs	.+2      	; 0x7418 <processPacket+0x11a>
    7416:	8b c0       	rjmp	.+278    	; 0x752e <processPacket+0x230>
    7418:	92 c0       	rjmp	.+292    	; 0x753e <processPacket+0x240>
#endif
			break;

		case TFTP_OPCODE_WRQ: // Write request
			// Valid WRQ -> reset timer
			resetTick();
    741a:	ef d2       	rcall	.+1502   	; 0x79fa <resetTick>
#ifdef _VERBOSE
			traceln("Tftp: Write request");
#endif
			// Flagging image as invalid since the flashing process has started
			eeprom_write_byte(EEPROM_IMG_STAT, EEPROM_IMG_BAD_VALUE);
    741c:	6f ef       	ldi	r22, 0xFF	; 255
    741e:	82 e0       	ldi	r24, 0x02	; 2
    7420:	90 e0       	ldi	r25, 0x00	; 0
    7422:	15 d3       	rcall	.+1578   	; 0x7a4e <__eewr_byte_m328p>

#ifdef _TFTP_RANDOM_PORT
			sockInit((buffer[4] << 8) | ~buffer[5]); // Generate a 'random' TID (RFC1350)
#else
			sockInit(tftpTransferPort);
    7424:	80 91 26 01 	lds	r24, 0x0126
    7428:	90 91 27 01 	lds	r25, 0x0127
    742c:	44 df       	rcall	.-376    	; 0x72b6 <sockInit>
#else
			tracenum(tftpTransferPort);
#endif
#endif

			lastPacket = highPacket = 0;
    742e:	10 92 1f 01 	sts	0x011F, r1
    7432:	10 92 1e 01 	sts	0x011E, r1
    7436:	10 92 21 01 	sts	0x0121, r1
    743a:	10 92 20 01 	sts	0x0120, r1
			returnCode = ACK; // Send back acknowledge for packet 0
    743e:	12 e0       	ldi	r17, 0x02	; 2
    7440:	d1 2e       	mov	r13, r17
			break;
    7442:	8b c0       	rjmp	.+278    	; 0x755a <processPacket+0x25c>

		case TFTP_OPCODE_DATA:
			// Valid Data Packet -> reset timer
			resetTick();
    7444:	da d2       	rcall	.+1460   	; 0x79fa <resetTick>

			packetLength = tftpDataLen - (TFTP_OPCODE_SIZE + TFTP_BLOCKNO_SIZE);
    7446:	84 e0       	ldi	r24, 0x04	; 4
    7448:	e8 1a       	sub	r14, r24
    744a:	f1 08       	sbc	r15, r1
			lastPacket = tftpBlock;
    744c:	10 93 21 01 	sts	0x0121, r17
    7450:	00 93 20 01 	sts	0x0120, r16
			writeAddr = (tftpBlock - 1) << 9; // Flash write address for this block
    7454:	01 50       	subi	r16, 0x01	; 1
    7456:	11 09       	sbc	r17, r1
    7458:	10 2f       	mov	r17, r16
    745a:	00 27       	eor	r16, r16
    745c:	11 0f       	add	r17, r17
    745e:	a8 01       	movw	r20, r16
    7460:	60 e0       	ldi	r22, 0x00	; 0
    7462:	70 e0       	ldi	r23, 0x00	; 0
#ifdef _DEBUGMORE_TFTP
			traceln("Tftp: Data for block ");
			tracenum(lastPacket);
#endif

			if((writeAddr + packetLength) > MAX_ADDR) {
    7464:	db 01       	movw	r26, r22
    7466:	ca 01       	movw	r24, r20
    7468:	8e 0d       	add	r24, r14
    746a:	9f 1d       	adc	r25, r15
    746c:	a1 1d       	adc	r26, r1
    746e:	b1 1d       	adc	r27, r1
    7470:	81 30       	cpi	r24, 0x01	; 1
    7472:	90 47       	sbci	r25, 0x70	; 112
    7474:	a1 05       	cpc	r26, r1
    7476:	b1 05       	cpc	r27, r1
    7478:	08 f0       	brcs	.+2      	; 0x747c <processPacket+0x17e>
    747a:	63 c0       	rjmp	.+198    	; 0x7542 <processPacket+0x244>
				uint8_t* pageBase = buffer + (UDP_HEADER_SIZE + TFTP_OPCODE_SIZE + TFTP_BLOCKNO_SIZE); // Start of block data
				uint16_t offset = 0; // Block offset


				// Set the return code before packetLength gets rounded up
				if(packetLength < TFTP_DATA_SIZE) returnCode = FINAL_ACK;
    747c:	e1 14       	cp	r14, r1
    747e:	f2 e0       	ldi	r31, 0x02	; 2
    7480:	ff 06       	cpc	r15, r31
    7482:	18 f4       	brcc	.+6      	; 0x748a <processPacket+0x18c>
    7484:	a4 e0       	ldi	r26, 0x04	; 4
    7486:	da 2e       	mov	r13, r26
    7488:	06 c0       	rjmp	.+12     	; 0x7496 <processPacket+0x198>
				else returnCode = ACK;
    748a:	f2 e0       	ldi	r31, 0x02	; 2
    748c:	df 2e       	mov	r13, r31
    748e:	03 c0       	rjmp	.+6      	; 0x7496 <processPacket+0x198>

				// Round up packet length to a full flash sector size
				while(packetLength % SPM_PAGESIZE) packetLength++;
    7490:	2f ef       	ldi	r18, 0xFF	; 255
    7492:	e2 1a       	sub	r14, r18
    7494:	f2 0a       	sbc	r15, r18
    7496:	c7 01       	movw	r24, r14
    7498:	8f 77       	andi	r24, 0x7F	; 127
    749a:	99 27       	eor	r25, r25
    749c:	89 2b       	or	r24, r25
    749e:	c1 f7       	brne	.-16     	; 0x7490 <processPacket+0x192>
#ifdef _DEBUG_TFTP
				traceln("Tftp: Packet length adjusted to ");
				tracenum(packetLength);
#endif
				if(writeAddr == 0) {
    74a0:	45 2b       	or	r20, r21
    74a2:	46 2b       	or	r20, r22
    74a4:	47 2b       	or	r20, r23
    74a6:	31 f4       	brne	.+12     	; 0x74b4 <processPacket+0x1b6>
					// First sector - validate
					if(!validImage(pageBase)) {
    74a8:	ce 01       	movw	r24, r28
    74aa:	0d 96       	adiw	r24, 0x0d	; 13
    74ac:	3e d1       	rcall	.+636    	; 0x772a <validImage>
    74ae:	88 23       	and	r24, r24
    74b0:	09 f4       	brne	.+2      	; 0x74b4 <processPacket+0x1b6>
    74b2:	4a c0       	rjmp	.+148    	; 0x7548 <processPacket+0x24a>
#ifdef _DEBUG_TFTP
				traceln("Tftp: Writing data from address ");
				tracenum(writeAddr);
#endif

				uint8_t* pageBase = buffer + (UDP_HEADER_SIZE + TFTP_OPCODE_SIZE + TFTP_BLOCKNO_SIZE); // Start of block data
    74b4:	de 01       	movw	r26, r28
    74b6:	1d 96       	adiw	r26, 0x0d	; 13
#endif
					}
				}

				// Flash packets
				for(offset = 0; offset < packetLength;) {
    74b8:	20 e0       	ldi	r18, 0x00	; 0
    74ba:	30 e0       	ldi	r19, 0x00	; 0
					uint16_t writeValue = (pageBase[offset]) | (pageBase[offset + 1] << 8);
					boot_page_fill(writeAddr + offset, writeValue);
    74bc:	81 e0       	ldi	r24, 0x01	; 1
						tracenum(writeAddr + offset);
					}
#endif
					offset += 2;
					if(offset % SPM_PAGESIZE == 0) {
						boot_page_erase(writeAddr + offset - SPM_PAGESIZE);
    74be:	93 e0       	ldi	r25, 0x03	; 3
						boot_spm_busy_wait();
						boot_page_write(writeAddr + offset - SPM_PAGESIZE);
    74c0:	65 e0       	ldi	r22, 0x05	; 5
						boot_spm_busy_wait();
#if defined(RWWSRE)
						// Reenable read access to flash
						boot_rww_enable();
    74c2:	71 e1       	ldi	r23, 0x11	; 17
#endif
					}
				}

				// Flash packets
				for(offset = 0; offset < packetLength;) {
    74c4:	29 c0       	rjmp	.+82     	; 0x7518 <processPacket+0x21a>

#ifdef _DEBUG_TFTP
uint8_t processPacket(uint16_t packetSize)
{
#else
uint8_t processPacket()
    74c6:	e1 e0       	ldi	r30, 0x01	; 1
    74c8:	f0 e0       	ldi	r31, 0x00	; 0
    74ca:	ec 0f       	add	r30, r28
    74cc:	fd 1f       	adc	r31, r29
    74ce:	e2 0f       	add	r30, r18
    74d0:	f3 1f       	adc	r31, r19
					}
				}

				// Flash packets
				for(offset = 0; offset < packetLength;) {
					uint16_t writeValue = (pageBase[offset]) | (pageBase[offset + 1] << 8);
    74d2:	45 85       	ldd	r20, Z+13	; 0x0d
    74d4:	50 e0       	ldi	r21, 0x00	; 0
    74d6:	54 2f       	mov	r21, r20
    74d8:	44 27       	eor	r20, r20
    74da:	ec 91       	ld	r30, X
    74dc:	4e 2b       	or	r20, r30
					boot_page_fill(writeAddr + offset, writeValue);
    74de:	f8 01       	movw	r30, r16
    74e0:	0a 01       	movw	r0, r20
    74e2:	87 bf       	out	0x37, r24	; 55
    74e4:	e8 95       	spm
    74e6:	11 24       	eor	r1, r1
						tracenum(writeValue);
						trace(" at offset ");
						tracenum(writeAddr + offset);
					}
#endif
					offset += 2;
    74e8:	2e 5f       	subi	r18, 0xFE	; 254
    74ea:	3f 4f       	sbci	r19, 0xFF	; 255
					if(offset % SPM_PAGESIZE == 0) {
    74ec:	a9 01       	movw	r20, r18
    74ee:	4f 77       	andi	r20, 0x7F	; 127
    74f0:	55 27       	eor	r21, r21
    74f2:	45 2b       	or	r20, r21
    74f4:	71 f4       	brne	.+28     	; 0x7512 <processPacket+0x214>
						boot_page_erase(writeAddr + offset - SPM_PAGESIZE);
    74f6:	ee 57       	subi	r30, 0x7E	; 126
    74f8:	f1 09       	sbc	r31, r1
    74fa:	97 bf       	out	0x37, r25	; 55
    74fc:	e8 95       	spm
						boot_spm_busy_wait();
    74fe:	07 b6       	in	r0, 0x37	; 55
    7500:	00 fc       	sbrc	r0, 0
    7502:	fd cf       	rjmp	.-6      	; 0x74fe <processPacket+0x200>
						boot_page_write(writeAddr + offset - SPM_PAGESIZE);
    7504:	67 bf       	out	0x37, r22	; 55
    7506:	e8 95       	spm
						boot_spm_busy_wait();
    7508:	07 b6       	in	r0, 0x37	; 55
    750a:	00 fc       	sbrc	r0, 0
    750c:	fd cf       	rjmp	.-6      	; 0x7508 <processPacket+0x20a>
#if defined(RWWSRE)
						// Reenable read access to flash
						boot_rww_enable();
    750e:	77 bf       	out	0x37, r23	; 55
    7510:	e8 95       	spm
    7512:	12 96       	adiw	r26, 0x02	; 2
    7514:	0e 5f       	subi	r16, 0xFE	; 254
    7516:	1f 4f       	sbci	r17, 0xFF	; 255
#endif
					}
				}

				// Flash packets
				for(offset = 0; offset < packetLength;) {
    7518:	2e 15       	cp	r18, r14
    751a:	3f 05       	cpc	r19, r15
    751c:	a0 f2       	brcs	.-88     	; 0x74c6 <processPacket+0x1c8>
						boot_rww_enable();
#endif
					}
				}

				if(returnCode == FINAL_ACK) {
    751e:	f4 e0       	ldi	r31, 0x04	; 4
    7520:	df 12       	cpse	r13, r31
    7522:	1b c0       	rjmp	.+54     	; 0x755a <processPacket+0x25c>
					// Hand over to application
#ifdef _VERBOSE
					traceln("Tftp: Flash is complete");
#endif
					// Flag the image as valid since we received the last packet
					eeprom_write_byte(EEPROM_IMG_STAT, EEPROM_IMG_OK_VALUE);
    7524:	6e ee       	ldi	r22, 0xEE	; 238
    7526:	82 e0       	ldi	r24, 0x02	; 2
    7528:	90 e0       	ldi	r25, 0x00	; 0
    752a:	91 d2       	rcall	.+1314   	; 0x7a4e <__eewr_byte_m328p>
    752c:	16 c0       	rjmp	.+44     	; 0x755a <processPacket+0x25c>
#endif

#ifdef _TFTP_RANDOM_PORT
			sockInit((buffer[4] << 8) | ~buffer[5]); // Generate a 'random' TID (RFC1350)
#else
			sockInit(tftpTransferPort);
    752e:	80 91 26 01 	lds	r24, 0x0126
    7532:	90 91 27 01 	lds	r25, 0x0127
    7536:	bf de       	rcall	.-642    	; 0x72b6 <sockInit>
			 * It can be done by reinitializig the tftpd or
			 * by resetting the device. I should find out which is best...
			 * Right now it is being done by resetting the timer if we have a
			 * data packet. */
			// Invalid - return error
			returnCode = ERROR_INVALID;
    7538:	dd 24       	eor	r13, r13
    753a:	d3 94       	inc	r13
			break;
    753c:	0e c0       	rjmp	.+28     	; 0x755a <processPacket+0x25c>
		&& ((tftpBlock > MAX_ADDR/0x200)
		|| (tftpBlock < highPacket)
		|| (tftpBlock > highPacket+1))) tftpOpcode = TFTP_OPCODE_UKN;
	if(tftpDataLen > (0x200 + TFTP_OPCODE_SIZE + TFTP_BLOCKNO_SIZE)) tftpOpcode = TFTP_OPCODE_UKN;

	uint8_t returnCode = ERROR_UNKNOWN;
    753e:	d1 2c       	mov	r13, r1
    7540:	0c c0       	rjmp	.+24     	; 0x755a <processPacket+0x25c>
				// Flash is full - abort with an error before a bootloader overwrite occurs
				// Application is now corrupt, so do not hand over.
#ifdef _VERBOSE
				traceln("Tftp: Flash is full");
#endif
				returnCode = ERROR_FULL;
    7542:	93 e0       	ldi	r25, 0x03	; 3
    7544:	d9 2e       	mov	r13, r25
    7546:	09 c0       	rjmp	.+18     	; 0x755a <processPacket+0x25c>
				tracenum(packetLength);
#endif
				if(writeAddr == 0) {
					// First sector - validate
					if(!validImage(pageBase)) {
						returnCode = INVALID_IMAGE;
    7548:	85 e0       	ldi	r24, 0x05	; 5
    754a:	d8 2e       	mov	r13, r24
    754c:	06 c0       	rjmp	.+12     	; 0x755a <processPacket+0x25c>

	if((tftpOpcode == TFTP_OPCODE_DATA)
		&& ((tftpBlock > MAX_ADDR/0x200)
		|| (tftpBlock < highPacket)
		|| (tftpBlock > highPacket+1))) tftpOpcode = TFTP_OPCODE_UKN;
	if(tftpDataLen > (0x200 + TFTP_OPCODE_SIZE + TFTP_BLOCKNO_SIZE)) tftpOpcode = TFTP_OPCODE_UKN;
    754e:	25 e0       	ldi	r18, 0x05	; 5
    7550:	e2 16       	cp	r14, r18
    7552:	22 e0       	ldi	r18, 0x02	; 2
    7554:	f2 06       	cpc	r15, r18
    7556:	58 f7       	brcc	.-42     	; 0x752e <processPacket+0x230>
    7558:	75 cf       	rjmp	.-278    	; 0x7444 <processPacket+0x146>
			returnCode = ERROR_INVALID;
			break;

	}
	return(returnCode);
}
    755a:	8d 2d       	mov	r24, r13
    755c:	c4 5f       	subi	r28, 0xF4	; 244
    755e:	dd 4f       	sbci	r29, 0xFD	; 253
    7560:	de bf       	out	0x3e, r29	; 62
    7562:	cd bf       	out	0x3d, r28	; 61
    7564:	df 91       	pop	r29
    7566:	cf 91       	pop	r28
    7568:	1f 91       	pop	r17
    756a:	0f 91       	pop	r16
    756c:	ff 90       	pop	r15
    756e:	ef 90       	pop	r14
    7570:	df 90       	pop	r13
    7572:	cf 90       	pop	r12
    7574:	08 95       	ret

00007576 <sendResponse>:


void sendResponse(uint16_t response)
{
    7576:	bf 92       	push	r11
    7578:	cf 92       	push	r12
    757a:	df 92       	push	r13
    757c:	ef 92       	push	r14
    757e:	ff 92       	push	r15
    7580:	0f 93       	push	r16
    7582:	1f 93       	push	r17
    7584:	cf 93       	push	r28
    7586:	df 93       	push	r29
    7588:	cd b7       	in	r28, 0x3d	; 61
    758a:	de b7       	in	r29, 0x3e	; 62
    758c:	c4 56       	subi	r28, 0x64	; 100
    758e:	d1 09       	sbc	r29, r1
    7590:	de bf       	out	0x3e, r29	; 62
    7592:	cd bf       	out	0x3d, r28	; 61
    7594:	8c 01       	movw	r16, r24
	uint8_t txBuffer[100];
	uint8_t* txPtr = txBuffer;
	uint8_t packetLength;
	uint16_t writePointer;

	writePointer = netReadWord(REG_S3_TX_WR0) + S3_TX_START;
    7596:	84 e2       	ldi	r24, 0x24	; 36
    7598:	97 e0       	ldi	r25, 0x07	; 7
    759a:	33 de       	rcall	.-922    	; 0x7202 <netReadWord>
    759c:	98 5a       	subi	r25, 0xA8	; 168
    759e:	7c 01       	movw	r14, r24
	switch(response) {
    75a0:	02 30       	cpi	r16, 0x02	; 2
    75a2:	11 05       	cpc	r17, r1
    75a4:	59 f1       	breq	.+86     	; 0x75fc <sendResponse+0x86>
    75a6:	20 f4       	brcc	.+8      	; 0x75b0 <sendResponse+0x3a>
    75a8:	01 30       	cpi	r16, 0x01	; 1
    75aa:	11 05       	cpc	r17, r1
    75ac:	39 f4       	brne	.+14     	; 0x75bc <sendResponse+0x46>
    75ae:	14 c0       	rjmp	.+40     	; 0x75d8 <sendResponse+0x62>
    75b0:	03 30       	cpi	r16, 0x03	; 3
    75b2:	11 05       	cpc	r17, r1
    75b4:	d1 f0       	breq	.+52     	; 0x75ea <sendResponse+0x74>
    75b6:	04 30       	cpi	r16, 0x04	; 4
    75b8:	11 05       	cpc	r17, r1
    75ba:	79 f1       	breq	.+94     	; 0x761a <sendResponse+0xa4>
		default:

		case ERROR_UNKNOWN:
			// Send unknown error packet
			packetLength = TFTP_UNKNOWN_ERROR_LEN;
			memcpy_P(txBuffer, tftp_unknown_error_packet, packetLength);
    75bc:	4a e0       	ldi	r20, 0x0A	; 10
    75be:	50 e0       	ldi	r21, 0x00	; 0
    75c0:	60 e8       	ldi	r22, 0x80	; 128
    75c2:	70 e7       	ldi	r23, 0x70	; 112
    75c4:	ce 01       	movw	r24, r28
    75c6:	01 96       	adiw	r24, 0x01	; 1
    75c8:	31 d2       	rcall	.+1122   	; 0x7a2c <memcpy_P>
	switch(response) {
		default:

		case ERROR_UNKNOWN:
			// Send unknown error packet
			packetLength = TFTP_UNKNOWN_ERROR_LEN;
    75ca:	8a e0       	ldi	r24, 0x0A	; 10
	}

	txPtr = txBuffer;
	while(packetLength--) {
		netWriteReg(writePointer++, *txPtr++);
		if(writePointer == S3_TX_END) writePointer = S3_TX_START;
    75cc:	8e 01       	movw	r16, r28
    75ce:	0f 5f       	subi	r16, 0xFF	; 255
    75d0:	1f 4f       	sbci	r17, 0xFF	; 255
	}
	return(returnCode);
}


void sendResponse(uint16_t response)
    75d2:	b8 2e       	mov	r11, r24
    75d4:	b0 0e       	add	r11, r16
    75d6:	3d c0       	rjmp	.+122    	; 0x7652 <sendResponse+0xdc>
			break;

		case ERROR_INVALID:
			// Send invalid opcode packet
			packetLength = TFTP_OPCODE_ERROR_LEN;
			memcpy_P(txBuffer, tftp_opcode_error_packet, packetLength);
    75d8:	4c e0       	ldi	r20, 0x0C	; 12
    75da:	50 e0       	ldi	r21, 0x00	; 0
    75dc:	65 e9       	ldi	r22, 0x95	; 149
    75de:	70 e7       	ldi	r23, 0x70	; 112
    75e0:	ce 01       	movw	r24, r28
    75e2:	01 96       	adiw	r24, 0x01	; 1
    75e4:	23 d2       	rcall	.+1094   	; 0x7a2c <memcpy_P>
			memcpy_P(txBuffer, tftp_unknown_error_packet, packetLength);
			break;

		case ERROR_INVALID:
			// Send invalid opcode packet
			packetLength = TFTP_OPCODE_ERROR_LEN;
    75e6:	8c e0       	ldi	r24, 0x0C	; 12
			memcpy_P(txBuffer, tftp_opcode_error_packet, packetLength);
			break;
    75e8:	f1 cf       	rjmp	.-30     	; 0x75cc <sendResponse+0x56>

		case ERROR_FULL:
			// Send unknown error packet
			packetLength = TFTP_FULL_ERROR_LEN;
			memcpy_P(txBuffer, tftp_full_error_packet, packetLength);
    75ea:	49 e0       	ldi	r20, 0x09	; 9
    75ec:	50 e0       	ldi	r21, 0x00	; 0
    75ee:	6b e8       	ldi	r22, 0x8B	; 139
    75f0:	70 e7       	ldi	r23, 0x70	; 112
    75f2:	ce 01       	movw	r24, r28
    75f4:	01 96       	adiw	r24, 0x01	; 1
    75f6:	1a d2       	rcall	.+1076   	; 0x7a2c <memcpy_P>
			memcpy_P(txBuffer, tftp_opcode_error_packet, packetLength);
			break;

		case ERROR_FULL:
			// Send unknown error packet
			packetLength = TFTP_FULL_ERROR_LEN;
    75f8:	89 e0       	ldi	r24, 0x09	; 9
			memcpy_P(txBuffer, tftp_full_error_packet, packetLength);
			break;
    75fa:	e8 cf       	rjmp	.-48     	; 0x75cc <sendResponse+0x56>

		case ACK:
			if(lastPacket > highPacket) highPacket = lastPacket;
    75fc:	80 91 20 01 	lds	r24, 0x0120
    7600:	90 91 21 01 	lds	r25, 0x0121
    7604:	20 91 1e 01 	lds	r18, 0x011E
    7608:	30 91 1f 01 	lds	r19, 0x011F
    760c:	28 17       	cp	r18, r24
    760e:	39 07       	cpc	r19, r25
    7610:	20 f4       	brcc	.+8      	; 0x761a <sendResponse+0xa4>
    7612:	90 93 1f 01 	sts	0x011F, r25
    7616:	80 93 1e 01 	sts	0x011E, r24
		case FINAL_ACK:
#ifdef _DEBUG_TFTP
			if(response == FINAL_ACK) traceln("Tftp: Sent Final ACK ");
#endif
			packetLength = 4;
			*txPtr++ = TFTP_OPCODE_ACK >> 8;
    761a:	19 82       	std	Y+1, r1	; 0x01
			*txPtr++ = TFTP_OPCODE_ACK & 0xff;
    761c:	84 e0       	ldi	r24, 0x04	; 4
    761e:	8a 83       	std	Y+2, r24	; 0x02
			// lastPacket is block code
			*txPtr++ = lastPacket >> 8;
    7620:	80 91 20 01 	lds	r24, 0x0120
    7624:	90 91 21 01 	lds	r25, 0x0121
    7628:	9b 83       	std	Y+3, r25	; 0x03
			*txPtr = lastPacket & 0xff;
    762a:	8c 83       	std	Y+4, r24	; 0x04
#endif
		case FINAL_ACK:
#ifdef _DEBUG_TFTP
			if(response == FINAL_ACK) traceln("Tftp: Sent Final ACK ");
#endif
			packetLength = 4;
    762c:	84 e0       	ldi	r24, 0x04	; 4
			*txPtr++ = TFTP_OPCODE_ACK >> 8;
			*txPtr++ = TFTP_OPCODE_ACK & 0xff;
			// lastPacket is block code
			*txPtr++ = lastPacket >> 8;
			*txPtr = lastPacket & 0xff;
			break;
    762e:	ce cf       	rjmp	.-100    	; 0x75cc <sendResponse+0x56>
	}

	txPtr = txBuffer;
	while(packetLength--) {
		netWriteReg(writePointer++, *txPtr++);
    7630:	f8 01       	movw	r30, r16
    7632:	61 91       	ld	r22, Z+
    7634:	8f 01       	movw	r16, r30
    7636:	67 01       	movw	r12, r14
    7638:	ff ef       	ldi	r31, 0xFF	; 255
    763a:	cf 1a       	sub	r12, r31
    763c:	df 0a       	sbc	r13, r31
    763e:	c7 01       	movw	r24, r14
    7640:	ad dd       	rcall	.-1190   	; 0x719c <netWriteReg>
		if(writePointer == S3_TX_END) writePointer = S3_TX_START;
    7642:	c1 14       	cp	r12, r1
    7644:	80 e6       	ldi	r24, 0x60	; 96
    7646:	d8 06       	cpc	r13, r24
    7648:	19 f4       	brne	.+6      	; 0x7650 <sendResponse+0xda>
    764a:	c1 2c       	mov	r12, r1
    764c:	58 e5       	ldi	r21, 0x58	; 88
    764e:	d5 2e       	mov	r13, r21
    7650:	76 01       	movw	r14, r12
			*txPtr = lastPacket & 0xff;
			break;
	}

	txPtr = txBuffer;
	while(packetLength--) {
    7652:	b0 12       	cpse	r11, r16
    7654:	ed cf       	rjmp	.-38     	; 0x7630 <sendResponse+0xba>
		netWriteReg(writePointer++, *txPtr++);
		if(writePointer == S3_TX_END) writePointer = S3_TX_START;
	}
	netWriteWord(REG_S3_TX_WR0, writePointer - S3_TX_START);
    7656:	b7 01       	movw	r22, r14
    7658:	78 55       	subi	r23, 0x58	; 88
    765a:	84 e2       	ldi	r24, 0x24	; 36
    765c:	97 e0       	ldi	r25, 0x07	; 7
    765e:	e5 dd       	rcall	.-1078   	; 0x722a <netWriteWord>
	netWriteReg(REG_S3_CR, CR_SEND);
    7660:	60 e2       	ldi	r22, 0x20	; 32
    7662:	81 e0       	ldi	r24, 0x01	; 1
    7664:	97 e0       	ldi	r25, 0x07	; 7
    7666:	9a dd       	rcall	.-1228   	; 0x719c <netWriteReg>
	while(netReadReg(REG_S3_CR));
    7668:	81 e0       	ldi	r24, 0x01	; 1
    766a:	97 e0       	ldi	r25, 0x07	; 7
    766c:	b0 dd       	rcall	.-1184   	; 0x71ce <netReadReg>
    766e:	81 11       	cpse	r24, r1
    7670:	fb cf       	rjmp	.-10     	; 0x7668 <sendResponse+0xf2>
#ifdef _VERBOSE
	traceln("Tftp: Response sent");
#endif
}
    7672:	cc 59       	subi	r28, 0x9C	; 156
    7674:	df 4f       	sbci	r29, 0xFF	; 255
    7676:	de bf       	out	0x3e, r29	; 62
    7678:	cd bf       	out	0x3d, r28	; 61
    767a:	df 91       	pop	r29
    767c:	cf 91       	pop	r28
    767e:	1f 91       	pop	r17
    7680:	0f 91       	pop	r16
    7682:	ff 90       	pop	r15
    7684:	ef 90       	pop	r14
    7686:	df 90       	pop	r13
    7688:	cf 90       	pop	r12
    768a:	bf 90       	pop	r11
    768c:	08 95       	ret

0000768e <tftpInit>:

/**
 * Initializes the network controller
 */
void tftpInit()
{
    768e:	cf 93       	push	r28
	// Open socket
	sockInit(TFTP_PORT);
    7690:	85 e4       	ldi	r24, 0x45	; 69
    7692:	90 e0       	ldi	r25, 0x00	; 0
    7694:	10 de       	rcall	.-992    	; 0x72b6 <sockInit>

#ifndef _TFTP_RANDOM_PORT
	if(eeprom_read_byte(EEPROM_SIG_3) == EEPROM_SIG_3_VALUE)
    7696:	87 e1       	ldi	r24, 0x17	; 23
    7698:	90 e0       	ldi	r25, 0x00	; 0
    769a:	d1 d1       	rcall	.+930    	; 0x7a3e <__eerd_byte_m328p>
    769c:	8b 3b       	cpi	r24, 0xBB	; 187
    769e:	91 f4       	brne	.+36     	; 0x76c4 <tftpInit+0x36>
		tftpTransferPort = ((eeprom_read_byte(EEPROM_PORT + 1) << 8) + eeprom_read_byte(EEPROM_PORT));
    76a0:	89 e1       	ldi	r24, 0x19	; 25
    76a2:	90 e0       	ldi	r25, 0x00	; 0
    76a4:	cc d1       	rcall	.+920    	; 0x7a3e <__eerd_byte_m328p>
    76a6:	c8 2f       	mov	r28, r24
    76a8:	88 e1       	ldi	r24, 0x18	; 24
    76aa:	90 e0       	ldi	r25, 0x00	; 0
    76ac:	c8 d1       	rcall	.+912    	; 0x7a3e <__eerd_byte_m328p>
    76ae:	2c 2f       	mov	r18, r28
    76b0:	30 e0       	ldi	r19, 0x00	; 0
    76b2:	32 2f       	mov	r19, r18
    76b4:	22 27       	eor	r18, r18
    76b6:	28 0f       	add	r18, r24
    76b8:	31 1d       	adc	r19, r1
    76ba:	30 93 27 01 	sts	0x0127, r19
    76be:	20 93 26 01 	sts	0x0126, r18
    76c2:	06 c0       	rjmp	.+12     	; 0x76d0 <tftpInit+0x42>
	else
		tftpTransferPort = TFTP_STATIC_PORT;
    76c4:	89 e7       	ldi	r24, 0x79	; 121
    76c6:	97 eb       	ldi	r25, 0xB7	; 183
    76c8:	90 93 27 01 	sts	0x0127, r25
    76cc:	80 93 26 01 	sts	0x0126, r24
#ifndef _TFTP_RANDOM_PORT
	traceln("\t   Port: ");
	tracenum(tftpTransferPort);
#endif
#endif
}
    76d0:	cf 91       	pop	r28
    76d2:	08 95       	ret

000076d4 <tftpPoll>:

/**
 * Looks for a connection
 */
uint8_t tftpPoll()
{
    76d4:	cf 93       	push	r28
	uint8_t response = ACK;
	// Get the size of the recieved data
	uint16_t packetSize = netReadWord(REG_S3_RX_RSR0);
    76d6:	86 e2       	ldi	r24, 0x26	; 38
    76d8:	97 e0       	ldi	r25, 0x07	; 7
    76da:	93 dd       	rcall	.-1242   	; 0x7202 <netReadWord>
// 			_delay_ms(400);
// 			packetSize = netReadWord(REG_S3_RX_RSR0);
// 		}
// 	} while (packetSize != incSize);

	if(packetSize) {
    76dc:	89 2b       	or	r24, r25
    76de:	11 f4       	brne	.+4      	; 0x76e4 <tftpPoll+0x10>
		netWriteReg(REG_S3_CR, CR_CLOSE);
		// Complete
		return(0);
	}
	// Tftp continues
	return(1);
    76e0:	81 e0       	ldi	r24, 0x01	; 1
    76e2:	21 c0       	rjmp	.+66     	; 0x7726 <tftpPoll+0x52>
// 			packetSize = netReadWord(REG_S3_RX_RSR0);
// 		}
// 	} while (packetSize != incSize);

	if(packetSize) {
		tftpFlashing = TRUE;
    76e4:	81 e0       	ldi	r24, 0x01	; 1
    76e6:	80 93 29 01 	sts	0x0129, r24

		while((netReadReg(REG_S3_IR) & IR_RECV)) {
    76ea:	0d c0       	rjmp	.+26     	; 0x7706 <tftpPoll+0x32>
			netWriteReg(REG_S3_IR, IR_RECV);
    76ec:	64 e0       	ldi	r22, 0x04	; 4
    76ee:	82 e0       	ldi	r24, 0x02	; 2
    76f0:	97 e0       	ldi	r25, 0x07	; 7
    76f2:	54 dd       	rcall	.-1368   	; 0x719c <netWriteReg>
	#else
		//round up by default
		__ticks_dc = (uint32_t)(ceil(fabs(__tmp)));
	#endif

	__builtin_avr_delay_cycles(__ticks_dc);
    76f4:	2f ef       	ldi	r18, 0xFF	; 255
    76f6:	87 e8       	ldi	r24, 0x87	; 135
    76f8:	93 e1       	ldi	r25, 0x13	; 19
    76fa:	21 50       	subi	r18, 0x01	; 1
    76fc:	80 40       	sbci	r24, 0x00	; 0
    76fe:	90 40       	sbci	r25, 0x00	; 0
    7700:	e1 f7       	brne	.-8      	; 0x76fa <tftpPoll+0x26>
    7702:	00 c0       	rjmp	.+0      	; 0x7704 <tftpPoll+0x30>
    7704:	00 00       	nop
// 	} while (packetSize != incSize);

	if(packetSize) {
		tftpFlashing = TRUE;

		while((netReadReg(REG_S3_IR) & IR_RECV)) {
    7706:	82 e0       	ldi	r24, 0x02	; 2
    7708:	97 e0       	ldi	r25, 0x07	; 7
    770a:	61 dd       	rcall	.-1342   	; 0x71ce <netReadReg>
    770c:	82 fd       	sbrc	r24, 2
    770e:	ee cf       	rjmp	.-36     	; 0x76ec <tftpPoll+0x18>
		// Process Packet and get TFTP response code
#ifdef _DEBUG_TFTP
		packetSize = netReadWord(REG_S3_RX_RSR0);
		response = processPacket(packetSize);
#else
		response = processPacket();
    7710:	f6 dd       	rcall	.-1044   	; 0x72fe <processPacket>
    7712:	c8 2f       	mov	r28, r24
#endif
		// Send the response
		sendResponse(response);
    7714:	90 e0       	ldi	r25, 0x00	; 0
    7716:	2f df       	rcall	.-418    	; 0x7576 <sendResponse>
	}
	if(response == FINAL_ACK) {
    7718:	c4 30       	cpi	r28, 0x04	; 4
    771a:	11 f7       	brne	.-60     	; 0x76e0 <tftpPoll+0xc>
		netWriteReg(REG_S3_CR, CR_CLOSE);
    771c:	60 e1       	ldi	r22, 0x10	; 16
    771e:	81 e0       	ldi	r24, 0x01	; 1
    7720:	97 e0       	ldi	r25, 0x07	; 7
    7722:	3c dd       	rcall	.-1416   	; 0x719c <netWriteReg>
		// Complete
		return(0);
    7724:	80 e0       	ldi	r24, 0x00	; 0
	}
	// Tftp continues
	return(1);
}
    7726:	cf 91       	pop	r28
    7728:	08 95       	ret

0000772a <validImage>:
#include "debug.h"
#include "serial.h"


uint8_t validImage(uint8_t* base)
{
    772a:	20 e0       	ldi	r18, 0x00	; 0
    772c:	30 e0       	ldi	r19, 0x00	; 0
#include "validate.h"
#include "debug.h"
#include "serial.h"


uint8_t validImage(uint8_t* base)
    772e:	fc 01       	movw	r30, r24
    7730:	e2 0f       	add	r30, r18
    7732:	f3 1f       	adc	r31, r19
	/* Check that a jump table is present in the first flash sector */
	uint8_t i;
	for(i = 0; i < 0x34; i += 4) {
		// For each vector, check it is of the form:
		// 0x0C 0x94 0xWX 0xYZ  ; JMP 0xWXYZ
		if(base[i] != 0x0c) {
    7734:	40 81       	ld	r20, Z
    7736:	4c 30       	cpi	r20, 0x0C	; 12
    7738:	51 f4       	brne	.+20     	; 0x774e <validImage+0x24>
			tracenum(base[i]);
			trace(" instead of 0x0C");
#endif
			return(0);
		}
		if(base[i + 1] != 0x94) {
    773a:	41 81       	ldd	r20, Z+1	; 0x01
    773c:	44 39       	cpi	r20, 0x94	; 148
    773e:	39 f4       	brne	.+14     	; 0x774e <validImage+0x24>
    7740:	2c 5f       	subi	r18, 0xFC	; 252
    7742:	3f 4f       	sbci	r19, 0xFF	; 255

uint8_t validImage(uint8_t* base)
{
	/* Check that a jump table is present in the first flash sector */
	uint8_t i;
	for(i = 0; i < 0x34; i += 4) {
    7744:	24 33       	cpi	r18, 0x34	; 52
    7746:	31 05       	cpc	r19, r1
    7748:	91 f7       	brne	.-28     	; 0x772e <validImage+0x4>
		}
	}
#ifdef _DEBUG_VALD
	traceln("Vald: Valid image");
#endif
	return(1);
    774a:	81 e0       	ldi	r24, 0x01	; 1
    774c:	08 95       	ret
			tracenum(i);
			trace(" with ");
			tracenum(base[i]);
			trace(" instead of 0x0C");
#endif
			return(0);
    774e:	80 e0       	ldi	r24, 0x00	; 0
	}
#ifdef _DEBUG_VALD
	traceln("Vald: Valid image");
#endif
	return(1);
}
    7750:	08 95       	ret

00007752 <watchdogDisable>:
 */
uint8_t watchdogDisable(void)
{
	uint8_t mcusr_mirror;

	mcusr_mirror = MCUSR;
    7752:	84 b7       	in	r24, 0x34	; 52
	MCUSR = 0;
    7754:	14 be       	out	0x34, r1	; 52
	wdt_disable();
    7756:	98 e1       	ldi	r25, 0x18	; 24
    7758:	0f b6       	in	r0, 0x3f	; 63
    775a:	f8 94       	cli
    775c:	90 93 60 00 	sts	0x0060, r25
    7760:	10 92 60 00 	sts	0x0060, r1
    7764:	0f be       	out	0x3f, r0	; 63

	return(mcusr_mirror);
}
    7766:	08 95       	ret

00007768 <watchdogReset>:

void watchdogReset(void)
{
	wdt_reset();
    7768:	a8 95       	wdr
    776a:	08 95       	ret

0000776c <watchdogConfig>:
}

void watchdogConfig(uint8_t x)
{
	WDTCSR = _BV(WDCE) | _BV(WDE);
    776c:	e0 e6       	ldi	r30, 0x60	; 96
    776e:	f0 e0       	ldi	r31, 0x00	; 0
    7770:	98 e1       	ldi	r25, 0x18	; 24
    7772:	90 83       	st	Z, r25
	WDTCSR = x;
    7774:	80 83       	st	Z, r24
    7776:	08 95       	ret

00007778 <verifySpace>:
uint8_t  length;


void verifySpace()
{
	if(getch() != CRC_EOP) {
    7778:	13 d1       	rcall	.+550    	; 0x79a0 <getch>
    777a:	80 32       	cpi	r24, 0x20	; 32
    777c:	19 f0       	breq	.+6      	; 0x7784 <verifySpace+0xc>
		watchdogConfig(WATCHDOG_16MS);	// shorten WD timeout
    777e:	88 e0       	ldi	r24, 0x08	; 8
    7780:	f5 df       	rcall	.-22     	; 0x776c <watchdogConfig>
    7782:	ff cf       	rjmp	.-2      	; 0x7782 <verifySpace+0xa>
		while(1)						// and busy-loop so that WD causes
			;							// a reset and app start.
	}
	putch(STK_INSYNC);
    7784:	84 e1       	ldi	r24, 0x14	; 20
    7786:	f9 c0       	rjmp	.+498    	; 0x797a <putch>

00007788 <getNch>:
}


void getNch(uint8_t count)
{
    7788:	cf 93       	push	r28
    778a:	c8 2f       	mov	r28, r24
	do getch();
    778c:	09 d1       	rcall	.+530    	; 0x79a0 <getch>
	while(--count);
    778e:	c1 50       	subi	r28, 0x01	; 1
    7790:	e9 f7       	brne	.-6      	; 0x778c <getNch+0x4>
	verifySpace();
}
    7792:	cf 91       	pop	r28

void getNch(uint8_t count)
{
	do getch();
	while(--count);
	verifySpace();
    7794:	f1 cf       	rjmp	.-30     	; 0x7778 <verifySpace>

00007796 <proccessCommand>:
}


uint8_t proccessCommand()
{
    7796:	0f 93       	push	r16
    7798:	1f 93       	push	r17
    779a:	cf 93       	push	r28
    779c:	df 93       	push	r29
    779e:	cd b7       	in	r28, 0x3d	; 61
    77a0:	de b7       	in	r29, 0x3e	; 62
    77a2:	c1 50       	subi	r28, 0x01	; 1
    77a4:	d1 40       	sbci	r29, 0x01	; 1
    77a6:	de bf       	out	0x3e, r29	; 62
    77a8:	cd bf       	out	0x3d, r28	; 61
	uint8_t ch;

	ch = getch();
    77aa:	fa d0       	rcall	.+500    	; 0x79a0 <getch>

	if(ch == STK_GET_PARAMETER) {
    77ac:	81 34       	cpi	r24, 0x41	; 65
    77ae:	b1 f4       	brne	.+44     	; 0x77dc <proccessCommand+0x46>
		unsigned char which = getch();
    77b0:	f7 d0       	rcall	.+494    	; 0x79a0 <getch>
		verifySpace();
    77b2:	cf 5f       	subi	r28, 0xFF	; 255
    77b4:	de 4f       	sbci	r29, 0xFE	; 254
    77b6:	88 83       	st	Y, r24
    77b8:	c1 50       	subi	r28, 0x01	; 1
    77ba:	d1 40       	sbci	r29, 0x01	; 1
    77bc:	dd df       	rcall	.-70     	; 0x7778 <verifySpace>
		if(which == 0x82) {
    77be:	cf 5f       	subi	r28, 0xFF	; 255
    77c0:	de 4f       	sbci	r29, 0xFE	; 254
    77c2:	88 81       	ld	r24, Y
    77c4:	c1 50       	subi	r28, 0x01	; 1
    77c6:	d1 40       	sbci	r29, 0x01	; 1
    77c8:	82 38       	cpi	r24, 0x82	; 130
    77ca:	11 f4       	brne	.+4      	; 0x77d0 <proccessCommand+0x3a>
			/*
			 * Send tftpboot version as "minor SW version"
			 */
			putch(ARIADNE_MINVER);
    77cc:	84 e0       	ldi	r24, 0x04	; 4
    77ce:	04 c0       	rjmp	.+8      	; 0x77d8 <proccessCommand+0x42>
		} else if(which == 0x81) {
    77d0:	81 38       	cpi	r24, 0x81	; 129
    77d2:	09 f4       	brne	.+2      	; 0x77d6 <proccessCommand+0x40>
    77d4:	1f c0       	rjmp	.+62     	; 0x7814 <proccessCommand+0x7e>
		} else {
			/*
			 * GET PARAMETER returns a generic 0x03 reply for
			 * other parameters - enough to keep Avrdude happy
			 */
			putch(0x03);
    77d6:	83 e0       	ldi	r24, 0x03	; 3
    77d8:	d0 d0       	rcall	.+416    	; 0x797a <putch>
    77da:	ab c0       	rjmp	.+342    	; 0x7932 <proccessCommand+0x19c>
		}
	} else if(ch == STK_SET_DEVICE) {
    77dc:	82 34       	cpi	r24, 0x42	; 66
    77de:	11 f4       	brne	.+4      	; 0x77e4 <proccessCommand+0x4e>
		// SET DEVICE is ignored
		getNch(20);
    77e0:	84 e1       	ldi	r24, 0x14	; 20
    77e2:	03 c0       	rjmp	.+6      	; 0x77ea <proccessCommand+0x54>
	} else if(ch == STK_SET_DEVICE_EXT) {
    77e4:	85 34       	cpi	r24, 0x45	; 69
    77e6:	19 f4       	brne	.+6      	; 0x77ee <proccessCommand+0x58>
		// SET DEVICE EXT is ignored
		getNch(4);
    77e8:	84 e0       	ldi	r24, 0x04	; 4
    77ea:	ce df       	rcall	.-100    	; 0x7788 <getNch>
    77ec:	a2 c0       	rjmp	.+324    	; 0x7932 <proccessCommand+0x19c>
	} else if(ch == STK_LOAD_ADDRESS) {
    77ee:	85 35       	cpi	r24, 0x55	; 85
    77f0:	69 f4       	brne	.+26     	; 0x780c <proccessCommand+0x76>
		// LOAD ADDRESS
		uint16_t newAddress;
		newAddress = getch();
    77f2:	d6 d0       	rcall	.+428    	; 0x79a0 <getch>
    77f4:	18 2f       	mov	r17, r24
		newAddress = (newAddress & 0xff) | (getch() << 8);
    77f6:	d4 d0       	rcall	.+424    	; 0x79a0 <getch>
    77f8:	21 2f       	mov	r18, r17
    77fa:	30 e0       	ldi	r19, 0x00	; 0
    77fc:	38 2b       	or	r19, r24
#ifdef RAMPZ
		// Transfer top bit to RAMPZ
		RAMPZ = (newAddress & 0x8000) ? 1 : 0;
#endif

		newAddress += newAddress; // Convert from word address to byte address
    77fe:	22 0f       	add	r18, r18
    7800:	33 1f       	adc	r19, r19
		address = newAddress;
    7802:	30 93 23 01 	sts	0x0123, r19
    7806:	20 93 22 01 	sts	0x0122, r18
    780a:	92 c0       	rjmp	.+292    	; 0x7930 <proccessCommand+0x19a>
		verifySpace();
	} else if(ch == STK_UNIVERSAL) {
    780c:	86 35       	cpi	r24, 0x56	; 86
    780e:	21 f4       	brne	.+8      	; 0x7818 <proccessCommand+0x82>
		// UNIVERSAL command is ignored
		getNch(4);
    7810:	84 e0       	ldi	r24, 0x04	; 4
    7812:	ba df       	rcall	.-140    	; 0x7788 <getNch>
		putch(0x00);
    7814:	80 e0       	ldi	r24, 0x00	; 0
    7816:	e0 cf       	rjmp	.-64     	; 0x77d8 <proccessCommand+0x42>
	}
	/* Write memory, length is big endian and is in bytes */
	else if(ch == STK_PROG_PAGE) {
    7818:	84 36       	cpi	r24, 0x64	; 100
    781a:	09 f0       	breq	.+2      	; 0x781e <proccessCommand+0x88>
    781c:	59 c0       	rjmp	.+178    	; 0x78d0 <proccessCommand+0x13a>
		// PROGRAM PAGE - we support flash programming only, not EEPROM
		uint8_t  buff[256];
		uint8_t* bufPtr;
		uint16_t addrPtr;

		getch();			/* getlen() */
    781e:	c0 d0       	rcall	.+384    	; 0x79a0 <getch>
		length = getch();
    7820:	bf d0       	rcall	.+382    	; 0x79a0 <getch>
    7822:	80 93 2a 01 	sts	0x012A, r24
		getch();
    7826:	bc d0       	rcall	.+376    	; 0x79a0 <getch>

		// If we are in RWW section, immediately start page erase
		if(address < NRWWSTART) boot_page_erase((uint16_t)(void*)address);
    7828:	e0 91 22 01 	lds	r30, 0x0122
    782c:	f0 91 23 01 	lds	r31, 0x0123
    7830:	e1 15       	cp	r30, r1
    7832:	80 e7       	ldi	r24, 0x70	; 112
    7834:	f8 07       	cpc	r31, r24
    7836:	18 f4       	brcc	.+6      	; 0x783e <proccessCommand+0xa8>
    7838:	83 e0       	ldi	r24, 0x03	; 3
    783a:	87 bf       	out	0x37, r24	; 55
    783c:	e8 95       	spm
    783e:	8e 01       	movw	r16, r28
    7840:	0f 5f       	subi	r16, 0xFF	; 255
    7842:	1f 4f       	sbci	r17, 0xFF	; 255

		// While that is going on, read in page contents
		bufPtr = buff;
		do* bufPtr++ = getch();
    7844:	ad d0       	rcall	.+346    	; 0x79a0 <getch>
    7846:	f8 01       	movw	r30, r16
    7848:	81 93       	st	Z+, r24
    784a:	8f 01       	movw	r16, r30
		while(--length);
    784c:	80 91 2a 01 	lds	r24, 0x012A
    7850:	81 50       	subi	r24, 0x01	; 1
    7852:	80 93 2a 01 	sts	0x012A, r24
    7856:	81 11       	cpse	r24, r1
    7858:	f5 cf       	rjmp	.-22     	; 0x7844 <proccessCommand+0xae>

		// If we are in NRWW section, page erase has to be delayed until now.
		// Todo: Take RAMPZ into account
		if(address >= NRWWSTART) boot_page_erase((uint16_t)(void*)address);
    785a:	e0 91 22 01 	lds	r30, 0x0122
    785e:	f0 91 23 01 	lds	r31, 0x0123
    7862:	e1 15       	cp	r30, r1
    7864:	80 e7       	ldi	r24, 0x70	; 112
    7866:	f8 07       	cpc	r31, r24
    7868:	18 f0       	brcs	.+6      	; 0x7870 <proccessCommand+0xda>
    786a:	83 e0       	ldi	r24, 0x03	; 3
    786c:	87 bf       	out	0x37, r24	; 55
    786e:	e8 95       	spm

		// Read command terminator, start reply
		verifySpace();
    7870:	83 df       	rcall	.-250    	; 0x7778 <verifySpace>

		// If only a partial page is to be programmed, the erase might not be complete.
		// So check that here
		boot_spm_busy_wait();
    7872:	07 b6       	in	r0, 0x37	; 55
    7874:	00 fc       	sbrc	r0, 0
    7876:	fd cf       	rjmp	.-6      	; 0x7872 <proccessCommand+0xdc>

		// Copy buffer into programming buffer
		bufPtr = buff;
		addrPtr = (uint16_t)(void*)address;
    7878:	40 91 22 01 	lds	r20, 0x0122
    787c:	50 91 23 01 	lds	r21, 0x0123
		// If only a partial page is to be programmed, the erase might not be complete.
		// So check that here
		boot_spm_busy_wait();

		// Copy buffer into programming buffer
		bufPtr = buff;
    7880:	29 81       	ldd	r18, Y+1	; 0x01
    7882:	80 e0       	ldi	r24, 0x00	; 0
    7884:	90 e0       	ldi	r25, 0x00	; 0
		ch = SPM_PAGESIZE / 2;
		do {
			uint16_t a;
			a = *bufPtr++;
			a |= (*bufPtr++) << 8;
			boot_page_fill((uint16_t)(void*)addrPtr, a);
    7886:	61 e0       	ldi	r22, 0x01	; 1
	while(--count);
	verifySpace();
}


uint8_t proccessCommand()
    7888:	a1 e0       	ldi	r26, 0x01	; 1
    788a:	b0 e0       	ldi	r27, 0x00	; 0
    788c:	ac 0f       	add	r26, r28
    788e:	bd 1f       	adc	r27, r29
    7890:	a8 0f       	add	r26, r24
    7892:	b9 1f       	adc	r27, r25
    7894:	fc 01       	movw	r30, r24
    7896:	e4 0f       	add	r30, r20
    7898:	f5 1f       	adc	r31, r21
		addrPtr = (uint16_t)(void*)address;
		ch = SPM_PAGESIZE / 2;
		do {
			uint16_t a;
			a = *bufPtr++;
			a |= (*bufPtr++) << 8;
    789a:	11 96       	adiw	r26, 0x01	; 1
    789c:	7c 91       	ld	r23, X
    789e:	11 97       	sbiw	r26, 0x01	; 1
    78a0:	30 e0       	ldi	r19, 0x00	; 0
    78a2:	37 2b       	or	r19, r23
			boot_page_fill((uint16_t)(void*)addrPtr, a);
    78a4:	09 01       	movw	r0, r18
    78a6:	67 bf       	out	0x37, r22	; 55
    78a8:	e8 95       	spm
    78aa:	11 24       	eor	r1, r1
			addrPtr += 2;
		} while(--ch);
    78ac:	8e 37       	cpi	r24, 0x7E	; 126
    78ae:	91 05       	cpc	r25, r1
    78b0:	21 f0       	breq	.+8      	; 0x78ba <proccessCommand+0x124>
		addrPtr = (uint16_t)(void*)address;
		ch = SPM_PAGESIZE / 2;
		do {
			uint16_t a;
			a = *bufPtr++;
			a |= (*bufPtr++) << 8;
    78b2:	12 96       	adiw	r26, 0x02	; 2
    78b4:	2c 91       	ld	r18, X
    78b6:	02 96       	adiw	r24, 0x02	; 2
    78b8:	e7 cf       	rjmp	.-50     	; 0x7888 <proccessCommand+0xf2>
			boot_page_fill((uint16_t)(void*)addrPtr, a);
			addrPtr += 2;
		} while(--ch);

		// Write from programming buffer
		boot_page_write((uint16_t)(void*)address);
    78ba:	85 e0       	ldi	r24, 0x05	; 5
    78bc:	fa 01       	movw	r30, r20
    78be:	87 bf       	out	0x37, r24	; 55
    78c0:	e8 95       	spm
		boot_spm_busy_wait();
    78c2:	07 b6       	in	r0, 0x37	; 55
    78c4:	00 fc       	sbrc	r0, 0
    78c6:	fd cf       	rjmp	.-6      	; 0x78c2 <proccessCommand+0x12c>

#if defined(RWWSRE)
		// Reenable read access to flash
		boot_rww_enable();
    78c8:	81 e1       	ldi	r24, 0x11	; 17
    78ca:	87 bf       	out	0x37, r24	; 55
    78cc:	e8 95       	spm
    78ce:	31 c0       	rjmp	.+98     	; 0x7932 <proccessCommand+0x19c>
#endif
	}
	/* Read memory block mode, length is big endian.  */
	else if(ch == STK_READ_PAGE) {
    78d0:	84 37       	cpi	r24, 0x74	; 116
    78d2:	d1 f4       	brne	.+52     	; 0x7908 <proccessCommand+0x172>
		// READ PAGE - we only read flash
		getch();			/* getlen() */
    78d4:	65 d0       	rcall	.+202    	; 0x79a0 <getch>
		length = getch();
    78d6:	64 d0       	rcall	.+200    	; 0x79a0 <getch>
    78d8:	80 93 2a 01 	sts	0x012A, r24
		getch();
    78dc:	61 d0       	rcall	.+194    	; 0x79a0 <getch>

		verifySpace();
    78de:	4c df       	rcall	.-360    	; 0x7778 <verifySpace>
			__asm__("elpm %0,Z\n":"=r"(result):"z"(address));
			putch(result);
			address++;
		} while(--length);
#else
		do putch(pgm_read_byte_near(address++));
    78e0:	e0 91 22 01 	lds	r30, 0x0122
    78e4:	f0 91 23 01 	lds	r31, 0x0123
    78e8:	cf 01       	movw	r24, r30
    78ea:	01 96       	adiw	r24, 0x01	; 1
    78ec:	90 93 23 01 	sts	0x0123, r25
    78f0:	80 93 22 01 	sts	0x0122, r24
    78f4:	84 91       	lpm	r24, Z
    78f6:	41 d0       	rcall	.+130    	; 0x797a <putch>
		while(--length);
    78f8:	80 91 2a 01 	lds	r24, 0x012A
    78fc:	81 50       	subi	r24, 0x01	; 1
    78fe:	80 93 2a 01 	sts	0x012A, r24
    7902:	81 11       	cpse	r24, r1
    7904:	ed cf       	rjmp	.-38     	; 0x78e0 <proccessCommand+0x14a>
    7906:	15 c0       	rjmp	.+42     	; 0x7932 <proccessCommand+0x19c>
#endif
	}
	/* Get device signature bytes  */
	else if(ch == STK_READ_SIGN) {
    7908:	85 37       	cpi	r24, 0x75	; 117
    790a:	39 f4       	brne	.+14     	; 0x791a <proccessCommand+0x184>
		// READ SIGN - return what Avrdude wants to hear
		verifySpace();
    790c:	35 df       	rcall	.-406    	; 0x7778 <verifySpace>
		putch(SIGNATURE_0);
    790e:	8e e1       	ldi	r24, 0x1E	; 30
    7910:	34 d0       	rcall	.+104    	; 0x797a <putch>
		putch(SIGNATURE_1);
    7912:	85 e9       	ldi	r24, 0x95	; 149
    7914:	32 d0       	rcall	.+100    	; 0x797a <putch>
		putch(SIGNATURE_2);
    7916:	8f e0       	ldi	r24, 0x0F	; 15
    7918:	5f cf       	rjmp	.-322    	; 0x77d8 <proccessCommand+0x42>
	} else if(ch == STK_LEAVE_PROGMODE) {
    791a:	81 35       	cpi	r24, 0x51	; 81
    791c:	49 f4       	brne	.+18     	; 0x7930 <proccessCommand+0x19a>
		// Adaboot no-wait mod
		//watchdogConfig(WATCHDOG_16MS);
		verifySpace();
    791e:	2c df       	rcall	.-424    	; 0x7778 <verifySpace>
		eeprom_write_byte(EEPROM_IMG_STAT, EEPROM_IMG_OK_VALUE);
    7920:	6e ee       	ldi	r22, 0xEE	; 238
    7922:	82 e0       	ldi	r24, 0x02	; 2
    7924:	90 e0       	ldi	r25, 0x00	; 0
    7926:	93 d0       	rcall	.+294    	; 0x7a4e <__eewr_byte_m328p>
		putch(STK_OK);
    7928:	80 e1       	ldi	r24, 0x10	; 16
    792a:	27 d0       	rcall	.+78     	; 0x797a <putch>
		return(0);
    792c:	80 e0       	ldi	r24, 0x00	; 0
    792e:	04 c0       	rjmp	.+8      	; 0x7938 <proccessCommand+0x1a2>
	} else {
		// This covers the response to commands like STK_ENTER_PROGMODE
		verifySpace();
    7930:	23 df       	rcall	.-442    	; 0x7778 <verifySpace>
	}
	putch(STK_OK);
    7932:	80 e1       	ldi	r24, 0x10	; 16
    7934:	22 d0       	rcall	.+68     	; 0x797a <putch>
	return(1);
    7936:	81 e0       	ldi	r24, 0x01	; 1
}
    7938:	cf 5f       	subi	r28, 0xFF	; 255
    793a:	de 4f       	sbci	r29, 0xFE	; 254
    793c:	de bf       	out	0x3e, r29	; 62
    793e:	cd bf       	out	0x3d, r28	; 61
    7940:	df 91       	pop	r29
    7942:	cf 91       	pop	r28
    7944:	1f 91       	pop	r17
    7946:	0f 91       	pop	r16
    7948:	08 95       	ret

0000794a <serialPoll>:


uint8_t serialPoll()
{
	if(UCSR0A & _BV(RXC0)) {
    794a:	80 91 c0 00 	lds	r24, 0x00C0
    794e:	87 ff       	sbrs	r24, 7
    7950:	05 c0       	rjmp	.+10     	; 0x795c <serialPoll+0x12>
		resetTick();
    7952:	53 d0       	rcall	.+166    	; 0x79fa <resetTick>
		serialFlashing = TRUE;
    7954:	81 e0       	ldi	r24, 0x01	; 1
    7956:	80 93 28 01 	sts	0x0128, r24
		return(proccessCommand());
    795a:	1d cf       	rjmp	.-454    	; 0x7796 <proccessCommand>
	}
	return(1);
}
    795c:	81 e0       	ldi	r24, 0x01	; 1
    795e:	08 95       	ret

00007960 <serialInit>:
#include "pin_defs.h"


void serialInit()
{
	UCSR0A = _BV(U2X0); //Double speed mode USART0
    7960:	82 e0       	ldi	r24, 0x02	; 2
    7962:	80 93 c0 00 	sts	0x00C0, r24
	UCSR0B = _BV(RXEN0) | _BV(TXEN0);
    7966:	88 e1       	ldi	r24, 0x18	; 24
    7968:	80 93 c1 00 	sts	0x00C1, r24
	UCSR0C = _BV(UCSZ00) | _BV(UCSZ01);
    796c:	86 e0       	ldi	r24, 0x06	; 6
    796e:	80 93 c2 00 	sts	0x00C2, r24
	UBRR0L = (uint8_t)((F_CPU + BAUD_RATE * 4L) / (BAUD_RATE * 8L) - 1);
    7972:	80 e1       	ldi	r24, 0x10	; 16
    7974:	80 93 c4 00 	sts	0x00C4, r24
    7978:	08 95       	ret

0000797a <putch>:
}


void putch(uint8_t c)
{
	while(!(UCSR0A & _BV(UDRE0)));
    797a:	90 91 c0 00 	lds	r25, 0x00C0
    797e:	95 ff       	sbrs	r25, 5
    7980:	fc cf       	rjmp	.-8      	; 0x797a <putch>
	UDR0 = c;
    7982:	80 93 c6 00 	sts	0x00C6, r24
    7986:	08 95       	ret

00007988 <puthex>:
}


void puthex(uint8_t c)
{
	c &= 0xf;
    7988:	8f 70       	andi	r24, 0x0F	; 15
	if(c > 9) c += 7;
    798a:	8a 30       	cpi	r24, 0x0A	; 10
    798c:	08 f0       	brcs	.+2      	; 0x7990 <puthex+0x8>
    798e:	89 5f       	subi	r24, 0xF9	; 249
	while(!(UCSR0A & _BV(UDRE0)));
    7990:	90 91 c0 00 	lds	r25, 0x00C0
    7994:	95 ff       	sbrs	r25, 5
    7996:	fc cf       	rjmp	.-8      	; 0x7990 <puthex+0x8>
	UDR0 = c + '0';
    7998:	80 5d       	subi	r24, 0xD0	; 208
    799a:	80 93 c6 00 	sts	0x00C6, r24
    799e:	08 95       	ret

000079a0 <getch>:

uint8_t getch(void)
{
	uint8_t ch;

	while(!(UCSR0A & _BV(RXC0)));
    79a0:	80 91 c0 00 	lds	r24, 0x00C0
    79a4:	87 ff       	sbrs	r24, 7
    79a6:	fc cf       	rjmp	.-8      	; 0x79a0 <getch>
	if(!(UCSR0A & _BV(FE0))) {
    79a8:	80 91 c0 00 	lds	r24, 0x00C0
    79ac:	84 ff       	sbrs	r24, 4
		 * expects to be talking to the application, and DON'T reset the
		 * watchdog.  This should cause the bootloader to abort and run
		 * the application "soon", if it keeps happening.  (Note that we
		 * don't care that an invalid char is returned...)
		 */
		watchdogReset();
    79ae:	dc de       	rcall	.-584    	; 0x7768 <watchdogReset>
	}
	ch = UDR0;
    79b0:	80 91 c6 00 	lds	r24, 0x00C6

	return ch;
}
    79b4:	08 95       	ret

000079b6 <updateLed>:
uint16_t tick = 0;


void updateLed(void)
{
	uint16_t nextTimer1 = TCNT1;
    79b6:	80 91 84 00 	lds	r24, 0x0084
    79ba:	90 91 85 00 	lds	r25, 0x0085
	if(nextTimer1 & 0x400) LED_PORT ^= _BV(LED); // Led pin high
    79be:	92 ff       	sbrs	r25, 2
    79c0:	05 c0       	rjmp	.+10     	; 0x79cc <updateLed+0x16>
    79c2:	25 b1       	in	r18, 0x05	; 5
    79c4:	30 e2       	ldi	r19, 0x20	; 32
    79c6:	23 27       	eor	r18, r19
    79c8:	25 b9       	out	0x05, r18	; 5
    79ca:	01 c0       	rjmp	.+2      	; 0x79ce <updateLed+0x18>
	else LED_PORT &= ~_BV(LED); // Led pin low
    79cc:	2d 98       	cbi	0x05, 5	; 5
	if(nextTimer1 < lastTimer1) {
    79ce:	20 91 2b 01 	lds	r18, 0x012B
    79d2:	30 91 2c 01 	lds	r19, 0x012C
    79d6:	82 17       	cp	r24, r18
    79d8:	93 07       	cpc	r25, r19
    79da:	50 f4       	brcc	.+20     	; 0x79f0 <updateLed+0x3a>
		tick++;
    79dc:	20 91 24 01 	lds	r18, 0x0124
    79e0:	30 91 25 01 	lds	r19, 0x0125
    79e4:	2f 5f       	subi	r18, 0xFF	; 255
    79e6:	3f 4f       	sbci	r19, 0xFF	; 255
    79e8:	30 93 25 01 	sts	0x0125, r19
    79ec:	20 93 24 01 	sts	0x0124, r18
		tracenum(nextTimer1);
		traceln(" lTM: ");
		tracenum(lastTimer1);
#endif
	}
	lastTimer1 = nextTimer1;
    79f0:	90 93 2c 01 	sts	0x012C, r25
    79f4:	80 93 2b 01 	sts	0x012B, r24
    79f8:	08 95       	ret

000079fa <resetTick>:
}

void resetTick(void)
{
	TCNT1 = 0;
    79fa:	10 92 85 00 	sts	0x0085, r1
    79fe:	10 92 84 00 	sts	0x0084, r1
	tick = 0;
    7a02:	10 92 25 01 	sts	0x0125, r1
    7a06:	10 92 24 01 	sts	0x0124, r1
    7a0a:	08 95       	ret

00007a0c <timedOut>:
}

uint8_t timedOut(void)
{
	// Never timeout if there is no code in Flash
	if (pgm_read_word(0x0000) == 0xFFFF) return(0);
    7a0c:	e0 e0       	ldi	r30, 0x00	; 0
    7a0e:	f0 e0       	ldi	r31, 0x00	; 0
    7a10:	85 91       	lpm	r24, Z+
    7a12:	94 91       	lpm	r25, Z
    7a14:	01 96       	adiw	r24, 0x01	; 1
    7a16:	41 f0       	breq	.+16     	; 0x7a28 <timedOut+0x1c>
	if(tick > TIMEOUT) return(1);
    7a18:	81 e0       	ldi	r24, 0x01	; 1
    7a1a:	20 91 24 01 	lds	r18, 0x0124
    7a1e:	30 91 25 01 	lds	r19, 0x0125
    7a22:	25 30       	cpi	r18, 0x05	; 5
    7a24:	31 05       	cpc	r19, r1
    7a26:	08 f4       	brcc	.+2      	; 0x7a2a <timedOut+0x1e>
}

uint8_t timedOut(void)
{
	// Never timeout if there is no code in Flash
	if (pgm_read_word(0x0000) == 0xFFFF) return(0);
    7a28:	80 e0       	ldi	r24, 0x00	; 0
	if(tick > TIMEOUT) return(1);
	else return(0);
}
    7a2a:	08 95       	ret

00007a2c <memcpy_P>:
    7a2c:	fb 01       	movw	r30, r22
    7a2e:	dc 01       	movw	r26, r24
    7a30:	02 c0       	rjmp	.+4      	; 0x7a36 <memcpy_P+0xa>
    7a32:	05 90       	lpm	r0, Z+
    7a34:	0d 92       	st	X+, r0
    7a36:	41 50       	subi	r20, 0x01	; 1
    7a38:	50 40       	sbci	r21, 0x00	; 0
    7a3a:	d8 f7       	brcc	.-10     	; 0x7a32 <memcpy_P+0x6>
    7a3c:	08 95       	ret

00007a3e <__eerd_byte_m328p>:
    7a3e:	f9 99       	sbic	0x1f, 1	; 31
    7a40:	fe cf       	rjmp	.-4      	; 0x7a3e <__eerd_byte_m328p>
    7a42:	92 bd       	out	0x22, r25	; 34
    7a44:	81 bd       	out	0x21, r24	; 33
    7a46:	f8 9a       	sbi	0x1f, 0	; 31
    7a48:	99 27       	eor	r25, r25
    7a4a:	80 b5       	in	r24, 0x20	; 32
    7a4c:	08 95       	ret

00007a4e <__eewr_byte_m328p>:
    7a4e:	26 2f       	mov	r18, r22

00007a50 <__eewr_r18_m328p>:
    7a50:	f9 99       	sbic	0x1f, 1	; 31
    7a52:	fe cf       	rjmp	.-4      	; 0x7a50 <__eewr_r18_m328p>
    7a54:	1f ba       	out	0x1f, r1	; 31
    7a56:	92 bd       	out	0x22, r25	; 34
    7a58:	81 bd       	out	0x21, r24	; 33
    7a5a:	20 bd       	out	0x20, r18	; 32
    7a5c:	0f b6       	in	r0, 0x3f	; 63
    7a5e:	f8 94       	cli
    7a60:	fa 9a       	sbi	0x1f, 2	; 31
    7a62:	f9 9a       	sbi	0x1f, 1	; 31
    7a64:	0f be       	out	0x3f, r0	; 63
    7a66:	01 96       	adiw	r24, 0x01	; 1
    7a68:	08 95       	ret

00007a6a <_exit>:
    7a6a:	f8 94       	cli

00007a6c <__stop_program>:
    7a6c:	ff cf       	rjmp	.-2      	; 0x7a6c <__stop_program>
